$ date -R
Tue, 11 May 2021 08:47:51 +1000
$ git checkout master
Already on 'master'
$ git reset --hard stable
HEAD is now at 6efb943b8616 Linux 5.13-rc1
Merging origin/master (1140ab592e2e Merge tag 'perf-tools-fixes-for-v5.13-2021-05-10' of git://git.kernel.org/pub/scm/linux/kernel/git/acme/linux)
$ git merge origin/master
Updating 6efb943b8616..1140ab592e2e
Fast-forward
 Documentation/virt/kvm/api.rst                     |   4 +-
 arch/x86/include/asm/kvm_host.h                    |  15 +-
 arch/x86/include/asm/kvm_para.h                    |  10 +-
 arch/x86/include/uapi/asm/kvm.h                    |   2 +
 arch/x86/kernel/kvm.c                              | 129 +++++++-----
 arch/x86/kernel/kvmclock.c                         |  26 +--
 arch/x86/kvm/cpuid.c                               |  20 +-
 arch/x86/kvm/emulate.c                             |   2 +-
 arch/x86/kvm/kvm_emulate.h                         |   1 +
 arch/x86/kvm/lapic.c                               |   2 +-
 arch/x86/kvm/mmu/mmu.c                             |  20 +-
 arch/x86/kvm/mmu/tdp_mmu.c                         |  17 +-
 arch/x86/kvm/svm/nested.c                          |  23 ++-
 arch/x86/kvm/svm/sev.c                             |  32 ++-
 arch/x86/kvm/svm/svm.c                             |  62 +++---
 arch/x86/kvm/svm/svm.h                             |   1 +
 arch/x86/kvm/vmx/capabilities.h                    |   3 +
 arch/x86/kvm/vmx/nested.c                          |  29 ++-
 arch/x86/kvm/vmx/vmx.c                             | 220 ++++++++++-----------
 arch/x86/kvm/vmx/vmx.h                             |  12 +-
 arch/x86/kvm/x86.c                                 | 153 ++++++++++----
 fs/btrfs/ctree.h                                   |   2 +-
 fs/btrfs/extent-tree.c                             |   6 +-
 fs/btrfs/file.c                                    |  35 +++-
 fs/btrfs/free-space-cache.c                        |   2 +-
 fs/btrfs/inode.c                                   |   4 +-
 fs/btrfs/ioctl.c                                   |   2 +-
 fs/btrfs/ordered-data.c                            |   2 +-
 fs/btrfs/qgroup.c                                  |  16 +-
 fs/btrfs/send.c                                    |   4 +-
 fs/btrfs/tree-log.c                                |   3 +-
 fs/btrfs/zoned.c                                   |   5 +
 tools/arch/powerpc/include/uapi/asm/errno.h        |   1 +
 tools/arch/x86/include/asm/cpufeatures.h           |   9 +-
 tools/arch/x86/include/asm/msr-index.h             |   4 +
 tools/arch/x86/include/uapi/asm/vmx.h              |   1 +
 tools/arch/x86/lib/memcpy_64.S                     |   2 +-
 tools/arch/x86/lib/memset_64.S                     |   2 +-
 .../asm/{alternative-asm.h => alternative.h}       |   0
 tools/include/uapi/asm-generic/unistd.h            |  11 +-
 tools/include/uapi/drm/drm.h                       | 125 +++++++++++-
 tools/include/uapi/drm/i915_drm.h                  |   1 +
 tools/include/uapi/linux/kvm.h                     |  45 +++++
 tools/include/uapi/linux/perf_event.h              |  26 ++-
 tools/include/uapi/linux/prctl.h                   |   4 +
 tools/kvm/kvm_stat/kvm_stat.txt                    |   2 +-
 tools/perf/Makefile.config                         |   1 +
 tools/perf/arch/arm64/util/kvm-stat.c              |   2 +-
 .../perf/arch/mips/entry/syscalls/syscall_n64.tbl  |   5 +
 tools/perf/arch/powerpc/entry/syscalls/syscall.tbl |   4 +
 tools/perf/arch/s390/entry/syscalls/syscall.tbl    |   4 +
 tools/perf/arch/x86/entry/syscalls/syscall_64.tbl  |   4 +
 tools/perf/pmu-events/jevents.c                    |   6 +-
 tools/perf/tests/attr/base-record                  |   2 +-
 tools/perf/tests/attr/base-stat                    |   2 +-
 tools/perf/tests/attr/system-wide-dummy            |   2 +-
 tools/perf/util/Build                              |   7 +
 tools/perf/util/record.c                           |   8 +-
 tools/perf/util/session.c                          |   4 +-
 tools/testing/selftests/kvm/lib/x86_64/handlers.S  |   4 +-
 tools/testing/selftests/kvm/x86_64/evmcs_test.c    |  88 +++++++--
 virt/kvm/kvm_main.c                                |   7 +-
 62 files changed, 857 insertions(+), 390 deletions(-)
 rename tools/include/asm/{alternative-asm.h => alternative.h} (100%)
Merging fixes/fixes (e71ba9452f0b Linux 5.11-rc2)
$ git merge fixes/fixes
Already up to date.
Merging kbuild-current/fixes (b741596468b0 Merge tag 'riscv-for-linus-5.13-mw1' of git://git.kernel.org/pub/scm/linux/kernel/git/riscv/linux)
$ git merge kbuild-current/fixes
Already up to date.
Merging arc-current/for-curr (1d5e4640e5df ARC: mm: Use max_high_pfn as a HIGHMEM zone border)
$ git merge arc-current/for-curr
Merge made by the 'recursive' strategy.
 arch/arc/Makefile                |  2 +-
 arch/arc/include/asm/cmpxchg.h   |  4 ++--
 arch/arc/include/asm/page.h      | 12 ++++++++++++
 arch/arc/include/asm/pgtable.h   | 12 +++---------
 arch/arc/include/uapi/asm/page.h |  1 -
 arch/arc/kernel/entry.S          |  4 ++--
 arch/arc/kernel/kgdb.c           |  1 +
 arch/arc/kernel/process.c        |  8 ++++----
 arch/arc/kernel/signal.c         |  4 ++--
 arch/arc/mm/init.c               | 11 ++++++++++-
 arch/arc/mm/ioremap.c            |  5 +++--
 arch/arc/mm/tlb.c                |  2 +-
 12 files changed, 41 insertions(+), 25 deletions(-)
Merging arm-current/fixes (d2f7eca60b29 ARM: 9071/1: uprobes: Don't hook on thumb instructions)
$ git merge arm-current/fixes
Already up to date.
Merging arm64-fixes/for-next/fixes (37a8024d2655 arm64: mte: initialize RGSR_EL1.SEED in __cpu_setup)
$ git merge arm64-fixes/for-next/fixes
Removing arch/arm64/include/asm/cpucaps.h
Merge made by the 'recursive' strategy.
 arch/arm64/Makefile                      |  3 ++
 arch/arm64/include/asm/Kbuild            |  2 +
 arch/arm64/include/asm/cpucaps.h         | 74 --------------------------------
 arch/arm64/mm/proc.S                     | 12 ++++++
 arch/arm64/tools/Makefile                | 22 ++++++++++
 arch/arm64/tools/cpucaps                 | 65 ++++++++++++++++++++++++++++
 arch/arm64/tools/gen-cpucaps.awk         | 40 +++++++++++++++++
 tools/testing/selftests/arm64/bti/test.c |  1 +
 8 files changed, 145 insertions(+), 74 deletions(-)
 delete mode 100644 arch/arm64/include/asm/cpucaps.h
 create mode 100644 arch/arm64/tools/Makefile
 create mode 100644 arch/arm64/tools/cpucaps
 create mode 100755 arch/arm64/tools/gen-cpucaps.awk
Merging arm-soc-fixes/arm/fixes (b5144a2bf401 dt-bindings: nvmem: mediatek: remove duplicate mt8192 line)
$ git merge arm-soc-fixes/arm/fixes
Merge made by the 'recursive' strategy.
 Documentation/devicetree/bindings/nvmem/mtk-efuse.txt | 1 -
 1 file changed, 1 deletion(-)
Merging drivers-memory-fixes/fixes (6efb943b8616 Linux 5.13-rc1)
$ git merge drivers-memory-fixes/fixes
Already up to date.
Merging m68k-current/for-linus (34e5269bf987 m68k: sun3x: Remove unneeded semicolon)
$ git merge m68k-current/for-linus
Already up to date.
Merging powerpc-fixes/fixes (791f9e36599d powerpc/vdso: Make sure vdso_wrapper.o is rebuilt everytime vdso.so is rebuilt)
$ git merge powerpc-fixes/fixes
Already up to date.
Merging s390-fixes/fixes (6efb943b8616 Linux 5.13-rc1)
$ git merge s390-fixes/fixes
Already up to date.
Merging sparc/master (05a59d79793d Merge git://git.kernel.org:/pub/scm/linux/kernel/git/netdev/net)
$ git merge sparc/master
Already up to date.
Merging fscrypt-current/for-stable (d19d8d345eec fscrypt: fix inline encryption not used on new files)
$ git merge fscrypt-current/for-stable
Already up to date.
Merging net/master (297c4de6f780 net: dsa: felix: re-enable TAS guard band mode)
$ git merge net/master
Merge made by the 'recursive' strategy.
 drivers/net/dsa/ocelot/felix_vsc9959.c          |  15 ++--
 drivers/net/ethernet/mellanox/mlx4/en_ethtool.c |   4 +-
 drivers/net/ethernet/mellanox/mlx4/port.c       | 107 +++++++++++++++++++++++-
 drivers/net/ethernet/ti/netcp_core.c            |   4 +-
 net/dsa/master.c                                |   5 +-
 net/dsa/slave.c                                 |  12 +--
 net/nfc/rawsock.c                               |   2 +-
 net/tipc/node.c                                 |  12 +--
 8 files changed, 133 insertions(+), 28 deletions(-)
Merging bpf/master (31379397dcc3 bpf: Forbid trampoline attach for functions with variable arguments)
$ git merge bpf/master
Merge made by the 'recursive' strategy.
 kernel/bpf/btf.c           | 12 ++++++++++++
 samples/bpf/xdpsock_user.c |  2 +-
 tools/lib/bpf/libbpf.c     |  3 +++
 3 files changed, 16 insertions(+), 1 deletion(-)
Merging ipsec/master (b515d2637276 xfrm: xfrm_state_mtu should return at least 1280 for ipv6)
$ git merge ipsec/master
Auto-merging net/ipv6/esp6.c
Auto-merging net/ipv4/esp4.c
Merge made by the 'recursive' strategy.
 include/net/xfrm.h    |  1 +
 net/ipv4/esp4.c       |  2 +-
 net/ipv6/esp6.c       |  2 +-
 net/xfrm/xfrm_state.c | 14 ++++++++++++--
 4 files changed, 15 insertions(+), 4 deletions(-)
Merging netfilter/master (55bc1af3d911 Merge git://git.kernel.org/pub/scm/linux/kernel/git/pablo/nf)
$ git merge netfilter/master
Already up to date.
Merging ipvs/master (bbd6f0a94813 bnxt_en: Fix RX consumer index logic in the error path.)
$ git merge ipvs/master
Already up to date.
Merging wireless-drivers/master (e7020bb068d8 iwlwifi: Fix softirq/hardirq disabling in iwl_pcie_gen2_enqueue_hcmd())
$ git merge wireless-drivers/master
Already up to date.
Merging mac80211/master (b741596468b0 Merge tag 'riscv-for-linus-5.13-mw1' of git://git.kernel.org/pub/scm/linux/kernel/git/riscv/linux)
$ git merge mac80211/master
Already up to date.
Merging rdma-fixes/for-rc (6efb943b8616 Linux 5.13-rc1)
$ git merge rdma-fixes/for-rc
Already up to date.
Merging sound-current/for-linus (e84749a78dc8 ALSA: usb-audio: Validate MS endpoint descriptors)
$ git merge sound-current/for-linus
Merge made by the 'recursive' strategy.
 sound/pci/hda/patch_realtek.c | 67 ++++++++++++++++++++++++++++++++++++++++++-
 sound/usb/midi.c              |  4 +++
 2 files changed, 70 insertions(+), 1 deletion(-)
Merging sound-asoc-fixes/for-linus (03f2880ae8a8 Merge remote-tracking branch 'asoc/for-5.13' into asoc-linus)
$ git merge sound-asoc-fixes/for-linus
Merge made by the 'recursive' strategy.
 sound/soc/amd/raven/acp3x-pcm-dma.c | 10 ----------
 sound/soc/amd/raven/acp3x.h         |  1 +
 sound/soc/amd/raven/pci-acp3x.c     | 15 +++++++++++++++
 sound/soc/codecs/da7219.c           |  5 +----
 sound/soc/codecs/max98088.c         | 13 +++++++++++--
 sound/soc/stm/stm32_sai_sub.c       |  5 +----
 6 files changed, 29 insertions(+), 20 deletions(-)
Merging regmap-fixes/for-linus (78d889705732 Merge remote-tracking branch 'regmap/for-5.12' into regmap-linus)
$ git merge regmap-fixes/for-linus
Already up to date.
Merging regulator-fixes/for-linus (0bbefa641a32 Merge remote-tracking branch 'regulator/for-5.12' into regulator-linus)
$ git merge regulator-fixes/for-linus
Already up to date.
Merging spi-fixes/for-linus (eb43e665d243 Merge remote-tracking branch 'spi/for-5.13' into spi-linus)
$ git merge spi-fixes/for-linus
Merge made by the 'recursive' strategy.
 drivers/spi/Kconfig         |  2 +-
 drivers/spi/spi-zynq-qspi.c |  9 ++++-----
 drivers/spi/spi.c           | 26 +++++++++++++++++---------
 3 files changed, 22 insertions(+), 15 deletions(-)
Merging pci-current/for-linus (6efb943b8616 Linux 5.13-rc1)
$ git merge pci-current/for-linus
Already up to date.
Merging driver-core.current/driver-core-linus (28ec344bb891 usb: typec: tcpm: Don't block probing of consumers of "connector" nodes)
$ git merge driver-core.current/driver-core-linus
Merge made by the 'recursive' strategy.
 drivers/base/core.c           | 3 ++-
 drivers/usb/typec/tcpm/tcpm.c | 9 +++++++++
 include/linux/fwnode.h        | 1 +
 3 files changed, 12 insertions(+), 1 deletion(-)
Merging tty.current/tty-linus (6efb943b8616 Linux 5.13-rc1)
$ git merge tty.current/tty-linus
Already up to date.
Merging usb.current/usb-linus (d9ff1096a840 usb: musb: Fix an error message)
$ git merge usb.current/usb-linus
Auto-merging drivers/usb/typec/tcpm/tcpm.c
Merge made by the 'recursive' strategy.
 Documentation/driver-api/usb/usb.rst  |  15 +++--
 Documentation/usb/gadget_configfs.rst |   2 +-
 drivers/usb/class/cdc-wdm.c           |  30 +++++++---
 drivers/usb/dwc2/core.h               |   2 +
 drivers/usb/dwc2/gadget.c             |   3 +-
 drivers/usb/dwc2/platform.c           |   4 --
 drivers/usb/dwc3/core.h               |   7 ++-
 drivers/usb/dwc3/debug.h              |   8 +--
 drivers/usb/dwc3/dwc3-imx8mp.c        |   3 +-
 drivers/usb/dwc3/dwc3-omap.c          |   5 ++
 drivers/usb/dwc3/dwc3-pci.c           |   1 +
 drivers/usb/dwc3/gadget.c             |  13 ++++-
 drivers/usb/host/fotg210-hcd.c        |   4 +-
 drivers/usb/musb/mediatek.c           |   2 +-
 drivers/usb/typec/tcpm/tcpm.c         | 101 +++++++++++++++++++++++++++++-----
 drivers/usb/typec/ucsi/ucsi.c         |  46 ++++++++++++----
 drivers/usb/typec/ucsi/ucsi.h         |   6 +-
 17 files changed, 193 insertions(+), 59 deletions(-)
Merging usb-gadget-fixes/fixes (e49d033bddf5 Linux 5.12-rc6)
$ git merge usb-gadget-fixes/fixes
Already up to date.
Merging usb-serial-fixes/usb-linus (f8e8c1b2f782 USB: serial: pl2303: add device id for ADLINK ND-6530 GC)
$ git merge usb-serial-fixes/usb-linus
Merge made by the 'recursive' strategy.
 drivers/usb/serial/ftdi_sio.c         | 3 +++
 drivers/usb/serial/ftdi_sio_ids.h     | 7 +++++++
 drivers/usb/serial/option.c           | 4 ++++
 drivers/usb/serial/pl2303.c           | 1 +
 drivers/usb/serial/pl2303.h           | 1 +
 drivers/usb/serial/ti_usb_3410_5052.c | 3 +++
 6 files changed, 19 insertions(+)
Merging usb-chipidea-fixes/for-usb-fixes (c1d8a521dbd7 usb: cdnsp: Fix lack of removing request from pending list.)
$ git merge usb-chipidea-fixes/for-usb-fixes
Auto-merging drivers/usb/cdns3/cdnsp-gadget.c
Auto-merging drivers/usb/cdns3/cdns3-gadget.c
Merge made by the 'recursive' strategy.
 drivers/usb/cdns3/cdns3-gadget.c |  4 +++-
 drivers/usb/cdns3/cdnsp-gadget.c | 14 +++++++-------
 2 files changed, 10 insertions(+), 8 deletions(-)
Merging phy/fixes (6efb943b8616 Linux 5.13-rc1)
$ git merge phy/fixes
Already up to date.
Merging staging.current/staging-linus (14b6cff54eda staging: rtl8723bs: avoid bogus gcc warning)
$ git merge staging.current/staging-linus
Merge made by the 'recursive' strategy.
 drivers/staging/rtl8723bs/os_dep/ioctl_cfg80211.c | 23 +++++++++++++----------
 drivers/staging/rtl8723bs/os_dep/ioctl_linux.c    | 21 ++++++++++++---------
 2 files changed, 25 insertions(+), 19 deletions(-)
Merging iio-fixes/fixes-togreg (af0e1871d79c iio: tsl2583: Fix division by a zero lux_val)
$ git merge iio-fixes/fixes-togreg
Merge made by the 'recursive' strategy.
 drivers/iio/accel/Kconfig                         |  1 -
 drivers/iio/common/hid-sensors/Kconfig            |  1 +
 drivers/iio/gyro/Kconfig                          |  1 -
 drivers/iio/gyro/mpu3050-core.c                   | 13 +++++++++++--
 drivers/iio/humidity/Kconfig                      |  1 -
 drivers/iio/industrialio-core.c                   |  9 +--------
 drivers/iio/light/Kconfig                         |  2 --
 drivers/iio/light/gp2ap002.c                      |  5 +++--
 drivers/iio/light/tsl2583.c                       |  8 ++++++++
 drivers/iio/magnetometer/Kconfig                  |  1 -
 drivers/iio/orientation/Kconfig                   |  2 --
 drivers/iio/pressure/Kconfig                      |  1 -
 drivers/iio/proximity/pulsedlight-lidar-lite-v2.c |  1 +
 drivers/iio/temperature/Kconfig                   |  1 -
 14 files changed, 25 insertions(+), 22 deletions(-)
Merging char-misc.current/char-misc-linus (ba2b062ffa3d Merge tag 'misc-habanalabs-fixes-2021-05-08' of https://git.kernel.org/pub/scm/linux/kernel/git/ogabbay/linux into char-misc-linus)
$ git merge char-misc.current/char-misc-linus
Merge made by the 'recursive' strategy.
 .../misc/habanalabs/common/command_submission.c    |  2 +-
 drivers/misc/habanalabs/common/firmware_if.c       | 53 +++++++++++--------
 drivers/misc/habanalabs/common/habanalabs.h        | 23 ++++++---
 drivers/misc/habanalabs/common/habanalabs_drv.c    |  7 +++
 drivers/misc/habanalabs/common/sysfs.c             |  4 +-
 drivers/misc/habanalabs/gaudi/gaudi.c              | 59 +++++++++-------------
 drivers/misc/habanalabs/gaudi/gaudi_hwmgr.c        | 12 ++---
 drivers/misc/habanalabs/goya/goya.c                | 47 +++++++----------
 drivers/misc/habanalabs/goya/goya_hwmgr.c          | 40 +++++++--------
 include/uapi/misc/habanalabs.h                     | 33 ++++++++++++
 10 files changed, 156 insertions(+), 124 deletions(-)
Merging soundwire-fixes/fixes (6efb943b8616 Linux 5.13-rc1)
$ git merge soundwire-fixes/fixes
Already up to date.
Merging thunderbolt-fixes/fixes (6efb943b8616 Linux 5.13-rc1)
$ git merge thunderbolt-fixes/fixes
Already up to date.
Merging input-current/for-linus (05665cef4b74 Input: xpad - add support for Amazon Game Controller)
$ git merge input-current/for-linus
Already up to date.
Merging crypto-current/master (e3a606f2c544 fsverity: relax build time dependency on CRYPTO_SHA256)
$ git merge crypto-current/master
Already up to date.
Merging ide/master (6800cd8cbc6e ide-acpi: use %*ph to print small buffer)
$ git merge ide/master
Auto-merging include/linux/ide.h
Auto-merging drivers/ide/sis5513.c
Auto-merging drivers/ide/ide-acpi.c
Auto-merging drivers/ide/hpt366.c
Auto-merging drivers/ide/Kconfig
Merge made by the 'recursive' strategy.
 drivers/ide/Kconfig           |  2 +-
 drivers/ide/aec62xx.c         |  3 +--
 drivers/ide/alim15x3.c        |  3 +--
 drivers/ide/amd74xx.c         |  3 +--
 drivers/ide/atiixp.c          |  3 +--
 drivers/ide/cmd64x.c          |  3 +--
 drivers/ide/cs5520.c          |  3 +--
 drivers/ide/cs5530.c          |  3 +--
 drivers/ide/cs5535.c          |  3 +--
 drivers/ide/cs5536.c          |  3 +--
 drivers/ide/cy82c693.c        |  3 +--
 drivers/ide/delkin_cb.c       | 32 ++++++--------------------------
 drivers/ide/hpt366.c          |  5 ++---
 drivers/ide/ide-acpi.c        |  5 +----
 drivers/ide/ide-pci-generic.c |  3 +--
 drivers/ide/it8172.c          |  3 +--
 drivers/ide/it8213.c          |  3 +--
 drivers/ide/it821x.c          |  3 +--
 drivers/ide/jmicron.c         |  3 +--
 drivers/ide/ns87415.c         |  3 +--
 drivers/ide/opti621.c         |  3 +--
 drivers/ide/pdc202xx_new.c    |  3 +--
 drivers/ide/pdc202xx_old.c    |  3 +--
 drivers/ide/piix.c            |  3 +--
 drivers/ide/sc1200.c          | 43 ++++++++++++++-----------------------------
 drivers/ide/serverworks.c     |  3 +--
 drivers/ide/setup-pci.c       | 29 ++++++-----------------------
 drivers/ide/siimage.c         |  3 +--
 drivers/ide/sis5513.c         |  3 +--
 drivers/ide/sl82c105.c        |  3 +--
 drivers/ide/slc90e66.c        |  3 +--
 drivers/ide/triflex.c         | 24 ++++++++----------------
 drivers/ide/via82cxxx.c       |  3 +--
 include/linux/ide.h           |  8 +-------
 34 files changed, 65 insertions(+), 161 deletions(-)
Merging vfio-fixes/for-linus (cc35518d29bc docs: vfio: fix typo)
$ git merge vfio-fixes/for-linus
Already up to date.
Merging kselftest-fixes/fixes (a38fd8748464 Linux 5.12-rc2)
$ git merge kselftest-fixes/fixes
Already up to date.
Merging modules-fixes/modules-linus (57baec7b1b04 scripts/nsdeps: make sure to pass all module source files to spatch)
$ git merge modules-fixes/modules-linus
Already up to date.
Merging dmaengine-fixes/fixes (538ea65a9fd1 dmaengine: xilinx: dpdma: initialize registers before request_irq)
$ git merge dmaengine-fixes/fixes
Merge made by the 'recursive' strategy.
 drivers/dma/fsl-dpaa2-qdma/dpaa2-qdma.c |  3 +++
 drivers/dma/idxd/init.c                 |  2 ++
 drivers/dma/pl330.c                     |  6 ++++--
 drivers/dma/xilinx/xilinx_dpdma.c       | 24 +++++++++++++++++++++++-
 4 files changed, 32 insertions(+), 3 deletions(-)
Merging backlight-fixes/for-backlight-fixes (a38fd8748464 Linux 5.12-rc2)
$ git merge backlight-fixes/for-backlight-fixes
Already up to date.
Merging mtd-fixes/mtd/fixes (562b4e91d3b2 mtd: parsers: ofpart: fix parsing subpartitions)
$ git merge mtd-fixes/mtd/fixes
Merge made by the 'recursive' strategy.
 drivers/mtd/nand/raw/cs553x_nand.c | 12 +++++++++++-
 drivers/mtd/nand/raw/fsmc_nand.c   | 12 +++++++++++-
 drivers/mtd/nand/raw/lpc32xx_slc.c | 15 ++++++++++++++-
 drivers/mtd/nand/raw/ndfc.c        | 12 +++++++++++-
 drivers/mtd/nand/raw/sharpsl.c     | 12 +++++++++++-
 drivers/mtd/nand/raw/tmio_nand.c   |  8 +++++---
 drivers/mtd/nand/raw/txx9ndfmc.c   |  5 +++--
 drivers/mtd/parsers/ofpart_core.c  | 26 ++++++++++++++------------
 8 files changed, 80 insertions(+), 22 deletions(-)
Merging mfd-fixes/for-mfd-fixes (a61f4661fba4 mfd: intel_quark_i2c_gpio: Revert "Constify static struct resources")
$ git merge mfd-fixes/for-mfd-fixes
Already up to date.
Merging v4l-dvb-fixes/fixes (6efb943b8616 Linux 5.13-rc1)
$ git merge v4l-dvb-fixes/fixes
Already up to date.
Merging reset-fixes/reset/fixes (b460e0a9e240 reset: intel: add unspecified HAS_IOMEM dependency)
$ git merge reset-fixes/reset/fixes
Already up to date.
Merging mips-fixes/mips-fixes (6efb943b8616 Linux 5.13-rc1)
$ git merge mips-fixes/mips-fixes
Already up to date.
Merging at91-fixes/at91-fixes (2c69c8a1736e ARM: dts: at91: sam9x60: fix mux-mask to match product's datasheet)
$ git merge at91-fixes/at91-fixes
Already up to date.
Merging omap-fixes/fixes (fc85dc42a384 ARM: OMAP2+: Fix uninitialized sr_inst)
$ git merge omap-fixes/fixes
Already up to date.
Merging kvm-fixes/master (9c1a07442c95 KVM: x86/xen: Take srcu lock when accessing kvm_memslots())
$ git merge kvm-fixes/master
Already up to date.
Merging kvms390-fixes/master (735931f9a51a MAINTAINERS: add uv.c also to KVM/s390)
$ git merge kvms390-fixes/master
Already up to date.
Merging hwmon-fixes/hwmon (8370e5b09308 hwmon: (ltc2992) Put fwnode in error case during ->probe())
$ git merge hwmon-fixes/hwmon
Merge made by the 'recursive' strategy.
 drivers/hwmon/corsair-psu.c  |  4 ++--
 drivers/hwmon/ltc2992.c      |  8 ++++++--
 drivers/hwmon/occ/common.c   |  5 +++--
 drivers/hwmon/occ/common.h   |  2 +-
 drivers/hwmon/pmbus/fsp-3y.c | 27 +++++++++++++++++++++++++--
 5 files changed, 37 insertions(+), 9 deletions(-)
Merging nvdimm-fixes/libnvdimm-fixes (99a81dcc717d Merge branch 'for-5.12/cxl' into libnvdimm-fixes)
$ git merge nvdimm-fixes/libnvdimm-fixes
Already up to date!
Merge made by the 'recursive' strategy.
Merging cxl-fixes/fixes (fae8817ae804 cxl/mem: Fix memory device capacity probing)
$ git merge cxl-fixes/fixes
Already up to date.
Merging btrfs-fixes/next-fixes (2e4f4de38d26 Merge branch 'misc-5.13' into next-fixes)
$ git merge btrfs-fixes/next-fixes
Merge made by the 'recursive' strategy.
 fs/btrfs/zoned.c | 12 ++++++++++++
 1 file changed, 12 insertions(+)
Merging vfs-fixes/fixes (173e84953eaa fs: fix reporting supported extra file attributes for statx())
$ git merge vfs-fixes/fixes
Merge made by the 'recursive' strategy.
Merging dma-mapping-fixes/for-linus (18a3c5f7abfd Merge tag 'for_linus' of git://git.kernel.org/pub/scm/linux/kernel/git/mst/vhost)
$ git merge dma-mapping-fixes/for-linus
Already up to date.
Merging i3c-fixes/i3c/fixes (fe07bfda2fb9 Linux 5.12-rc1)
$ git merge i3c-fixes/i3c/fixes
Already up to date.
Merging drivers-x86-fixes/fixes (a3790a8a94fc platform/x86: intel-hid: Fix spurious wakeups caused by tablet-mode events during suspend)
$ git merge drivers-x86-fixes/fixes
Already up to date.
Merging samsung-krzk-fixes/fixes (6efb943b8616 Linux 5.13-rc1)
$ git merge samsung-krzk-fixes/fixes
Already up to date.
Merging pinctrl-samsung-fixes/fixes (6efb943b8616 Linux 5.13-rc1)
$ git merge pinctrl-samsung-fixes/fixes
Already up to date.
Merging devicetree-fixes/dt/linus (5311221304fa dt-bindings: phy: cadence-torrent: update reference file of docs)
$ git merge devicetree-fixes/dt/linus
Merge made by the 'recursive' strategy.
 Documentation/devicetree/bindings/phy/phy-cadence-torrent.yaml | 2 +-
 1 file changed, 1 insertion(+), 1 deletion(-)
Merging scsi-fixes/fixes (6efb943b8616 Linux 5.13-rc1)
$ git merge scsi-fixes/fixes
Already up to date.
Merging drm-fixes/drm-fixes (aca38735ae62 Merge tag 'drm-intel-fixes-2021-04-22' of git://anongit.freedesktop.org/drm/drm-intel into drm-fixes)
$ git merge drm-fixes/drm-fixes
Already up to date.
Merging amdgpu-fixes/drm-fixes (2c409ba81be2 drm/radeon: fix si_enable_smc_cac() failed issue)
$ git merge amdgpu-fixes/drm-fixes
Already up to date.
Merging drm-intel-fixes/for-linux-next-fixes (9f4ad9e425a1 Linux 5.12)
$ git merge drm-intel-fixes/for-linux-next-fixes
Already up to date.
Merging mmc-fixes/fixes (7412dee9f1fd mmc: meson-gx: replace WARN_ONCE with dev_warn_once about scatterlist size alignment in block mode)
$ git merge mmc-fixes/fixes
Already up to date.
Merging rtc-fixes/rtc-fixes (bd33335aa93d rtc: cmos: Disable irq around direct invocation of cmos_interrupt())
$ git merge rtc-fixes/rtc-fixes
Merge made by the 'recursive' strategy.
 drivers/rtc/rtc-cmos.c | 2 ++
 1 file changed, 2 insertions(+)
Merging gnss-fixes/gnss-linus (a38fd8748464 Linux 5.12-rc2)
$ git merge gnss-fixes/gnss-linus
Already up to date.
Merging hyperv-fixes/hyperv-fixes (37df9f3fedb6 video: hyperv_fb: Fix a double free in hvfb_probe)
$ git merge hyperv-fixes/hyperv-fixes
Already up to date.
Merging soc-fsl-fixes/fix (2663b3388551 soc: fsl: dpio: Get the cpumask through cpumask_of(cpu))
$ git merge soc-fsl-fixes/fix
Already up to date.
Merging risc-v-fixes/fixes (18a3c5f7abfd Merge tag 'for_linus' of git://git.kernel.org/pub/scm/linux/kernel/git/mst/vhost)
$ git merge risc-v-fixes/fixes
Already up to date.
Merging pidfd-fixes/fixes (03ba0fe4d09f file: simplify logic in __close_range())
$ git merge pidfd-fixes/fixes
Auto-merging fs/file.c
Merge made by the 'recursive' strategy.
 fs/file.c | 64 +++++++++++++++++++++++++++++++++++++++------------------------
 1 file changed, 40 insertions(+), 24 deletions(-)
Merging fpga-fixes/fixes (2e8496f31d0b firmware: stratix10-svc: reset COMMAND_RECONFIG_FLAG_PARTIAL to 0)
$ git merge fpga-fixes/fixes
Already up to date.
Merging spdx/spdx-linus (6efb943b8616 Linux 5.13-rc1)
$ git merge spdx/spdx-linus
Already up to date.
Merging gpio-brgl-fixes/gpio/for-current (6efb943b8616 Linux 5.13-rc1)
$ git merge gpio-brgl-fixes/gpio/for-current
Already up to date.
Merging gpio-intel-fixes/fixes (6efb943b8616 Linux 5.13-rc1)
$ git merge gpio-intel-fixes/fixes
Already up to date.
Merging pinctrl-intel-fixes/fixes (6efb943b8616 Linux 5.13-rc1)
$ git merge pinctrl-intel-fixes/fixes
Already up to date.
Merging erofs-fixes/fixes (9f377622a484 erofs: fix bio->bi_max_vecs behavior change)
$ git merge erofs-fixes/fixes
Already up to date.
Merging integrity-fixes/fixes (843385694721 evm: Fix a small race in init_desc())
$ git merge integrity-fixes/fixes
Already up to date.
Merging kunit-fixes/kunit-fixes (7fd53f41f771 kunit: tool: Disable PAGE_POISONING under --alltests)
$ git merge kunit-fixes/kunit-fixes
Already up to date.
Merging ubifs-fixes/fixes (78c7d49f55d8 ubifs: journal: Make sure to not dirty twice for auth nodes)
$ git merge ubifs-fixes/fixes
Already up to date.
Merging memblock-fixes/fixes (17cbe03872be mm/memblock: Fix typo in comment of memblock_phys_alloc_try_nid())
$ git merge memblock-fixes/fixes
Already up to date.
Merging cel-fixes/for-rc (9f4ad9e425a1 Linux 5.12)
$ git merge cel-fixes/for-rc
Already up to date.
Merging drm-misc-fixes/for-linux-next-fixes (ffe8768fb8f3 drm/vc4: remove unused function)
$ git merge drm-misc-fixes/for-linux-next-fixes
Auto-merging drivers/gpu/drm/ttm/ttm_bo.c
CONFLICT (content): Merge conflict in drivers/gpu/drm/ttm/ttm_bo.c
Resolved 'drivers/gpu/drm/ttm/ttm_bo.c' using previous resolution.
Automatic merge failed; fix conflicts and then commit the result.
$ git commit --no-edit -v -a
[master af09555f31c4] Merge remote-tracking branch 'drm-misc-fixes/for-linux-next-fixes'
$ git diff -M --stat --summary HEAD^..
 drivers/gpu/drm/vc4/vc4_vec.c | 6 ------
 1 file changed, 6 deletions(-)
Merging kspp-gustavo/for-next/kspp (36f9ff9e03de lib: Fix fall-through warnings for Clang)
$ git merge kspp-gustavo/for-next/kspp
Already up to date.
Merging kbuild/for-next (b741596468b0 Merge tag 'riscv-for-linus-5.13-mw1' of git://git.kernel.org/pub/scm/linux/kernel/git/riscv/linux)
$ git merge kbuild/for-next
Already up to date.
Merging compiler-attributes/compiler-attributes (19c329f68089 Linux 5.11-rc4)
$ git merge compiler-attributes/compiler-attributes
Already up to date.
Merging dma-mapping/for-next (a7f3d3d3600c dma-mapping: add unlikely hint to error path in dma_mapping_error)
$ git merge dma-mapping/for-next
Already up to date.
Merging asm-generic/master (38489db09b10 Merge branch 'asm-generic-fixes' into asm-generic)
$ git merge asm-generic/master
Already up to date!
Merge made by the 'recursive' strategy.
Merging arc/for-next (def9d2780727 Linux 5.5-rc7)
$ git merge arc/for-next
Already up to date.
Merging arm/for-next (d3506d256d94 Merge branch 'misc' into for-next)
$ git merge arm/for-next
Merge made by the 'recursive' strategy.
Merging arm64/for-next/core (c76fba33467b arm64: kernel: Update the stale comment)
$ git merge arm64/for-next/core
Already up to date.
Merging arm-perf/for-next/perf (2c2e21e78a94 arm64: perf: Remove redundant initialization in perf_event.c)
$ git merge arm-perf/for-next/perf
Already up to date.
Merging arm-soc/for-next (d42805807be7 Merge branch 'arm/drivers' into for-next)
$ git merge arm-soc/for-next
Auto-merging arch/arm64/boot/dts/allwinner/sun50i-h6-beelink-gs1.dts
CONFLICT (content): Merge conflict in arch/arm64/boot/dts/allwinner/sun50i-h6-beelink-gs1.dts
Resolved 'arch/arm64/boot/dts/allwinner/sun50i-h6-beelink-gs1.dts' using previous resolution.
Automatic merge failed; fix conflicts and then commit the result.
$ git commit --no-edit -v -a
[master 7e78d84f2818] Merge remote-tracking branch 'arm-soc/for-next'
$ git diff -M --stat --summary HEAD^..
 arch/arm/arm-soc-for-next-contents.txt | 213 +++++++++++++++++++++++++++++++++
 1 file changed, 213 insertions(+)
 create mode 100644 arch/arm/arm-soc-for-next-contents.txt
Merging actions/for-next (444d018d8d38 ARM: dts: owl-s500-roseapplepi: Add ATC2603C PMIC)
$ git merge actions/for-next
Merge made by the 'recursive' strategy.
Merging amlogic/for-next (09dc799bceb5 Merge branch 'v5.13/fixes' into tmp/aml-rebuild)
$ git merge amlogic/for-next
Auto-merging Documentation/devicetree/bindings/media/rc.yaml
Merge made by the 'recursive' strategy.
 drivers/soc/amlogic/meson-clk-measure.c | 4 +---
 1 file changed, 1 insertion(+), 3 deletions(-)
Merging aspeed/for-next (61fbc42084f4 Merge branches 'wpcm450-for-v5.13', 'dt-for-v5.13' and 'lpc-for-v5.13' into for-next)
$ git merge aspeed/for-next
Already up to date!
Merge made by the 'recursive' strategy.
Merging at91/at91-next (969bbb49f36c Merge branch 'at91-dt' into at91-next)
$ git merge at91/at91-next
Already up to date!
Merge made by the 'recursive' strategy.
Merging drivers-memory/for-next (6efb943b8616 Linux 5.13-rc1)
$ git merge drivers-memory/for-next
Already up to date.
Merging imx-mxs/for-next (1f0f76f795d5 Merge branch 'imx/defconfig' into for-next)
$ git merge imx-mxs/for-next
Already up to date!
Merge made by the 'recursive' strategy.
Merging keystone/next (9d2e21ed98a2 Merge branch 'for_5.12/drivers-soc' into next)
$ git merge keystone/next
Already up to date!
Merge made by the 'recursive' strategy.
Merging mediatek/for-next (068acd3c4e4c Merge branch 'v5.12-next/dts64-2' into for-next)
$ git merge mediatek/for-next
Merge made by the 'recursive' strategy.
 arch/arm64/boot/dts/mediatek/mt8167.dtsi | 270 +++++++++++++++++++++++++++++++
 arch/arm64/boot/dts/mediatek/mt8173.dtsi |  60 +++----
 2 files changed, 301 insertions(+), 29 deletions(-)
Merging mvebu/for-next (79e93f9dc81a Merge branch 'mvebu/dt64' into mvebu/for-next)
$ git merge mvebu/for-next
Already up to date!
Merge made by the 'recursive' strategy.
Merging omap/for-next (44e97f6fb29b Merge branch 'fixes' into for-next)
$ git merge omap/for-next
Auto-merging MAINTAINERS
Merge made by the 'recursive' strategy.
 MAINTAINERS | 6 ------
 1 file changed, 6 deletions(-)
Merging qcom/for-next (0109038cffef Merge branches 'arm64-defconfig-for-5.13', 'arm64-for-5.13', 'defconfig-for-5.13', 'drivers-for-5.13' and 'dts-for-5.13' into for-next)
$ git merge qcom/for-next
Already up to date!
Merge made by the 'recursive' strategy.
Merging raspberrypi/for-next (fbdcf1d20126 ARM: dts: bcm2711: Add the CEC interrupt controller)
$ git merge raspberrypi/for-next
Auto-merging arch/arm64/configs/defconfig
Auto-merging arch/arm64/Kconfig.platforms
Auto-merging arch/arm/configs/multi_v7_defconfig
Auto-merging arch/arm/boot/dts/bcm2711.dtsi
CONFLICT (content): Merge conflict in arch/arm/boot/dts/bcm2711.dtsi
Resolved 'arch/arm/boot/dts/bcm2711.dtsi' using previous resolution.
Automatic merge failed; fix conflicts and then commit the result.
$ git commit --no-edit -v -a
[master ad75bf3f7e07] Merge remote-tracking branch 'raspberrypi/for-next'
$ git diff -M --stat --summary HEAD^..
Merging realtek/for-next (486f29df6941 Merge branch 'v5.8/dt' into next)
$ git merge realtek/for-next
Already up to date!
Merge made by the 'recursive' strategy.
Merging renesas/next (213494b51d07 Merge branch 'renesas-arm-dt-for-v5.14' into renesas-next)
$ git merge renesas/next
Merge made by the 'recursive' strategy.
 arch/arm/boot/dts/r8a7742.dtsi                      |  1 +
 arch/arm/boot/dts/r8a7743.dtsi                      |  1 +
 arch/arm/boot/dts/r8a7744.dtsi                      |  1 +
 arch/arm/boot/dts/r8a7745.dtsi                      |  1 +
 arch/arm/boot/dts/r8a77470.dtsi                     |  1 +
 arch/arm/boot/dts/r8a7790.dtsi                      |  1 +
 arch/arm/boot/dts/r8a7791.dtsi                      |  1 +
 arch/arm/boot/dts/r8a7792.dtsi                      |  1 +
 arch/arm/boot/dts/r8a7794.dtsi                      |  1 +
 arch/arm64/boot/dts/renesas/beacon-renesom-som.dtsi |  2 ++
 ...ihope-rzg2-ex-aistarvision-mipi-adapter-2.1.dtsi |  2 --
 arch/arm64/boot/dts/renesas/r8a774a1.dtsi           |  9 +++++++++
 arch/arm64/boot/dts/renesas/r8a774b1.dtsi           |  9 +++++++++
 .../boot/dts/renesas/r8a774c0-ek874-mipi-2.1.dts    |  2 +-
 arch/arm64/boot/dts/renesas/r8a774c0.dtsi           |  5 +++++
 arch/arm64/boot/dts/renesas/r8a774e1.dtsi           |  9 +++++++++
 arch/arm64/boot/dts/renesas/r8a77950.dtsi           |  4 ++++
 arch/arm64/boot/dts/renesas/r8a77951.dtsi           | 13 +++++++++++++
 arch/arm64/boot/dts/renesas/r8a77960.dtsi           |  9 +++++++++
 arch/arm64/boot/dts/renesas/r8a77961.dtsi           |  9 +++++++++
 arch/arm64/boot/dts/renesas/r8a77965.dtsi           |  9 +++++++++
 arch/arm64/boot/dts/renesas/r8a77970-v3msk.dts      |  2 +-
 arch/arm64/boot/dts/renesas/r8a77970.dtsi           |  5 +++++
 arch/arm64/boot/dts/renesas/r8a77980-condor.dts     |  8 +-------
 arch/arm64/boot/dts/renesas/r8a77980.dtsi           |  9 +++++++++
 arch/arm64/boot/dts/renesas/r8a77990-ebisu.dts      |  2 --
 arch/arm64/boot/dts/renesas/r8a77990.dtsi           |  5 +++++
 arch/arm64/boot/dts/renesas/r8a77995.dtsi           |  1 +
 .../boot/dts/renesas/r8a779a0-falcon-csi-dsi.dtsi   | 21 +++++++++++++++++++++
 arch/arm64/boot/dts/renesas/r8a779a0.dtsi           |  6 ++++++
 arch/arm64/boot/dts/renesas/salvator-common.dtsi    |  3 ---
 31 files changed, 137 insertions(+), 16 deletions(-)
Merging reset/reset/next (466ba3c8ff4f reset: a10sr: add missing of_match_table reference)
$ git merge reset/reset/next
Merge made by the 'recursive' strategy.
 .../devicetree/bindings/reset/microchip,rst.yaml   |  58 ++++++++
 drivers/reset/Kconfig                              |  12 +-
 drivers/reset/Makefile                             |   1 +
 drivers/reset/core.c                               |  20 +--
 drivers/reset/reset-a10sr.c                        |   1 +
 drivers/reset/reset-bcm6345.c                      |   2 +-
 drivers/reset/reset-berlin.c                       |   2 +-
 drivers/reset/reset-microchip-sparx5.c             | 146 +++++++++++++++++++++
 drivers/reset/reset-oxnas.c                        |   2 +-
 drivers/reset/reset-ti-syscon.c                    |   4 +-
 drivers/reset/reset-uniphier.c                     |   2 +-
 drivers/reset/reset-zynqmp.c                       |   4 +-
 drivers/reset/sti/reset-syscfg.c                   |   2 +-
 13 files changed, 236 insertions(+), 20 deletions(-)
 create mode 100644 Documentation/devicetree/bindings/reset/microchip,rst.yaml
 create mode 100644 drivers/reset/reset-microchip-sparx5.c
Merging rockchip/for-next (382bdc9c2837 Merge branch 'v5.14-armsoc/dts64' into for-next)
$ git merge rockchip/for-next
Removing Documentation/devicetree/bindings/soc/rockchip/power_domain.txt
Removing Documentation/devicetree/bindings/arm/rockchip/pmu.txt
Merge made by the 'recursive' strategy.
 .../devicetree/bindings/arm/rockchip/pmu.txt       |  16 --
 .../devicetree/bindings/arm/rockchip/pmu.yaml      |  57 +++++
 .../bindings/power/rockchip,power-controller.yaml  | 248 ++++++++++++++++++++
 .../bindings/soc/rockchip/power_domain.txt         | 136 -----------
 arch/arm/boot/dts/rk3036-kylin.dts                 |   2 +-
 arch/arm/boot/dts/rk3036.dtsi                      |   1 -
 arch/arm/boot/dts/rk3066a.dtsi                     |   9 +-
 arch/arm/boot/dts/rk3188.dtsi                      |  17 +-
 arch/arm/boot/dts/rk322x.dtsi                      |  12 +-
 arch/arm/boot/dts/rk3288.dtsi                      |  18 +-
 arch/arm64/boot/dts/rockchip/px30.dtsi             |  26 ++-
 arch/arm64/boot/dts/rockchip/rk3328-nanopi-r2s.dts |  32 +++
 arch/arm64/boot/dts/rockchip/rk3328-roc-cc.dts     |   5 +
 arch/arm64/boot/dts/rockchip/rk3328-rock-pi-e.dts  |   7 +-
 arch/arm64/boot/dts/rockchip/rk3328-rock64.dts     |   5 +
 arch/arm64/boot/dts/rockchip/rk3328.dtsi           |   9 +-
 arch/arm64/boot/dts/rockchip/rk3368.dtsi           |   2 +
 arch/arm64/boot/dts/rockchip/rk3399-nanopi-r4s.dts |   2 +-
 arch/arm64/boot/dts/rockchip/rk3399-nanopi4.dtsi   |   1 -
 arch/arm64/boot/dts/rockchip/rk3399-rock-pi-4.dtsi |   1 -
 arch/arm64/boot/dts/rockchip/rk3399.dtsi           |  62 +++--
 .../boot/dts/rockchip/rk3399pro-vmarc-som.dtsi     |   1 -
 drivers/soc/rockchip/pm_domains.c                  | 252 ++++++++++++---------
 include/dt-bindings/power/rk3568-power.h           |  32 +++
 24 files changed, 627 insertions(+), 326 deletions(-)
 delete mode 100644 Documentation/devicetree/bindings/arm/rockchip/pmu.txt
 create mode 100644 Documentation/devicetree/bindings/arm/rockchip/pmu.yaml
 create mode 100644 Documentation/devicetree/bindings/power/rockchip,power-controller.yaml
 delete mode 100644 Documentation/devicetree/bindings/soc/rockchip/power_domain.txt
 create mode 100644 include/dt-bindings/power/rk3568-power.h
Merging samsung-krzk/for-next (6efb943b8616 Linux 5.13-rc1)
$ git merge samsung-krzk/for-next
Already up to date.
Merging scmi/for-linux-next (79053496a28d Merge tag 'scmi-fixes-5.13' of git://git.kernel.org/pub/scm/linux/kernel/git/sudeep.holla/linux into for-linux-next)
$ git merge scmi/for-linux-next
Merge made by the 'recursive' strategy.
 drivers/firmware/arm_scmi/notify.h | 2 --
 drivers/firmware/arm_scpi.c        | 4 +++-
 2 files changed, 3 insertions(+), 3 deletions(-)
Merging stm32/stm32-next (6ed9269265e1 ARM: dts: stm32: Add PTP clock to Ethernet controller)
$ git merge stm32/stm32-next
Already up to date.
Merging sunxi/sunxi/for-next (a4a3dcd51bc9 Merge branches 'sunxi/core-for-5.14' and 'sunxi/dt-for-5.14' into sunxi/for-next)
$ git merge sunxi/sunxi/for-next
Merge made by the 'recursive' strategy.
 Documentation/devicetree/bindings/arm/sunxi.yaml   |  11 ++
 .../bindings/sound/allwinner,sun8i-a33-codec.yaml  |   8 +-
 .../bindings/timer/allwinner,sun4i-a10-timer.yaml  |  42 ++---
 .../devicetree/bindings/vendor-prefixes.yaml       |   2 +
 arch/arm/boot/dts/Makefile                         |   1 +
 arch/arm/boot/dts/sun8i-a33.dtsi                   |   4 +-
 arch/arm/boot/dts/sun8i-r40-feta40i.dtsi           | 106 +++++++++++
 arch/arm/boot/dts/sun8i-r40-oka40i-c.dts           | 203 +++++++++++++++++++++
 arch/arm/boot/dts/sun8i-r40.dtsi                   |  44 +++++
 arch/arm64/Kconfig.platforms                       |   1 +
 arch/arm64/boot/dts/allwinner/Makefile             |   1 +
 .../boot/dts/allwinner/sun50i-a64-pinephone.dtsi   |  24 +++
 arch/arm64/boot/dts/allwinner/sun50i-a64.dtsi      |  62 +++++--
 .../boot/dts/allwinner/sun50i-h5-nanopi-r1s-h5.dts | 194 ++++++++++++++++++++
 arch/arm64/boot/dts/allwinner/sun50i-h6.dtsi       |   9 +
 15 files changed, 667 insertions(+), 45 deletions(-)
 create mode 100644 arch/arm/boot/dts/sun8i-r40-feta40i.dtsi
 create mode 100644 arch/arm/boot/dts/sun8i-r40-oka40i-c.dts
 create mode 100644 arch/arm64/boot/dts/allwinner/sun50i-h5-nanopi-r1s-h5.dts
Merging tegra/for-next (93b9ea9ca307 Merge branch for-5.13/arm64/dt into for-next)
$ git merge tegra/for-next
Merge made by the 'recursive' strategy.
 drivers/phy/tegra/xusb-tegra186.c |  550 ++++++++++-
 drivers/phy/tegra/xusb-tegra210.c | 1877 +++++++++++++++++++++++++++++--------
 drivers/phy/tegra/xusb.c          |   92 +-
 drivers/phy/tegra/xusb.h          |   22 +-
 drivers/usb/host/xhci-tegra.c     |  613 +++++++++---
 include/linux/phy/tegra/xusb.h    |   10 +-
 6 files changed, 2609 insertions(+), 555 deletions(-)
Merging ti-k3/ti-k3-next (1e3d655fe7b4 Merge branch 'ti-k3-config-next' into ti-k3-next)
$ git merge ti-k3/ti-k3-next
Already up to date!
Merge made by the 'recursive' strategy.
Merging ti-k3-new/ti-k3-next (6efb943b8616 Linux 5.13-rc1)
$ git merge ti-k3-new/ti-k3-next
Already up to date.
Merging xilinx/for-next (fe07bfda2fb9 Linux 5.12-rc1)
$ git merge xilinx/for-next
Already up to date.
Merging clk/clk-next (3ba2d41dca14 Merge branch 'clk-ralink' into clk-next)
$ git merge clk/clk-next
Already up to date.
Merging clk-imx/for-next (054ef44ea3ef clk: imx: Reference preceded by free)
$ git merge clk-imx/for-next
Already up to date.
Merging clk-renesas/renesas-clk (f2fb4fe62390 clk: renesas: Zero init clk_init_data)
$ git merge clk-renesas/renesas-clk
Already up to date.
Merging clk-samsung/for-next (a38fd8748464 Linux 5.12-rc2)
$ git merge clk-samsung/for-next
Already up to date.
Merging csky/linux-next (1294d89b48b0 csky: Fixup 610 bootup failed)
$ git merge csky/linux-next
Merge made by the 'recursive' strategy.
 arch/csky/Kconfig       |  4 +++-
 arch/csky/mm/syscache.c | 12 +++++++-----
 2 files changed, 10 insertions(+), 6 deletions(-)
Merging h8300/h8300-next (6e5e55227c95 Merge tag 'v5.11' into h8300-next)
$ git merge h8300/h8300-next
Auto-merging drivers/tty/serial/sh-sci.c
Auto-merging drivers/net/ethernet/smsc/smc91x.c
Merge made by the 'recursive' strategy.
 arch/h8300/Kconfig.cpu                  |  4 ++
 arch/h8300/boot/dts/edosk2674.dts       | 10 ++++-
 arch/h8300/boot/dts/h8300h_sim.dts      |  2 +-
 arch/h8300/boot/dts/h8s_sim.dts         |  2 +-
 arch/h8300/configs/edosk2674_defconfig  | 10 ++---
 arch/h8300/configs/h8300h-sim_defconfig |  8 +---
 arch/h8300/configs/h8s-sim_defconfig    |  8 +---
 arch/h8300/kernel/setup.c               |  2 +-
 arch/h8300/lib/memset.S                 | 17 +++++----
 drivers/clocksource/h8300_timer8.c      | 20 +++++-----
 drivers/irqchip/irq-renesas-h8300h.c    | 19 +++++++++-
 drivers/irqchip/irq-renesas-h8s.c       | 67 +++++++++++++++++++++++++--------
 drivers/net/ethernet/smsc/Kconfig       |  1 -
 drivers/net/ethernet/smsc/smc91x.c      | 10 +++++
 drivers/tty/serial/sh-sci.c             |  5 +--
 15 files changed, 123 insertions(+), 62 deletions(-)
Merging m68k/for-next (eeff86b6d18c m68k: dma: Remove unnecessary include of asm/cacheflush.h)
$ git merge m68k/for-next
Merge made by the 'recursive' strategy.
 arch/m68k/Makefile     | 3 +--
 arch/m68k/kernel/dma.c | 3 ---
 2 files changed, 1 insertion(+), 5 deletions(-)
Merging m68knommu/for-next (6efb943b8616 Linux 5.13-rc1)
$ git merge m68knommu/for-next
Already up to date.
Merging microblaze/next (47de4477a8e6 microblaze: add 'fallthrough' to memcpy/memset/memmove)
$ git merge microblaze/next
Already up to date.
Merging mips/mips-next (6efb943b8616 Linux 5.13-rc1)
$ git merge mips/mips-next
Already up to date.
Merging nds32/next (40e0dd851e7b nds32: Fix bogus reference to <asm/procinfo.h>)
$ git merge nds32/next
Already up to date.
Merging nios2/for-next (7f7bc20bc41a nios2: Don't use _end for calculating min_low_pfn)
$ git merge nios2/for-next
Already up to date.
Merging openrisc/for-next (1683f7de65db soc: litex: Remove duplicated header file inclusion)
$ git merge openrisc/for-next
Already up to date.
Merging parisc-hd/for-next (9f4ad9e425a1 Linux 5.12)
$ git merge parisc-hd/for-next
Already up to date.
Merging powerpc/next (f96271cefe6d Merge branch 'master' into next)
$ git merge powerpc/next
Already up to date.
Merging fsl/next (a76bea0287ce powerpc/kmcent2: add ranges to the pci bridges)
$ git merge fsl/next
Already up to date.
Merging soc-fsl/next (242b0b398ccd soc: fsl: enable acpi support in RCPM driver)
$ git merge soc-fsl/next
Already up to date.
Merging risc-v/for-next (beaf5ae15a13 riscv: remove unused handle_exception symbol)
$ git merge risc-v/for-next
Already up to date.
Merging s390/for-next (6efb943b8616 Linux 5.13-rc1)
$ git merge s390/for-next
Already up to date.
Merging sh/for-next (2882b7626f49 sh: kernel: traps: remove unused variable)
$ git merge sh/for-next
Auto-merging drivers/sh/maple/maple.c
Merge made by the 'recursive' strategy.
 arch/sh/boards/mach-landisk/irq.c  |  4 ++--
 arch/sh/boot/Makefile              |  4 ++--
 arch/sh/boot/compressed/.gitignore |  5 -----
 arch/sh/boot/compressed/Makefile   | 32 +++++++++++++-------------------
 arch/sh/boot/compressed/ashiftrt.S |  2 ++
 arch/sh/boot/compressed/ashldi3.c  |  2 ++
 arch/sh/boot/compressed/ashlsi3.S  |  2 ++
 arch/sh/boot/compressed/ashrsi3.S  |  2 ++
 arch/sh/boot/compressed/lshrsi3.S  |  2 ++
 arch/sh/include/asm/checksum_32.h  |  5 +++--
 arch/sh/include/asm/uaccess.h      |  4 ++--
 arch/sh/kernel/cpu/sh4a/smp-shx3.c |  5 +++--
 arch/sh/kernel/crash_dump.c        |  4 ++--
 arch/sh/kernel/traps.c             |  1 -
 arch/sh/kernel/traps_32.c          |  8 ++++----
 arch/sh/math-emu/math.c            |  4 ++--
 arch/sh/mm/nommu.c                 |  4 ++--
 drivers/sh/maple/maple.c           |  5 ++++-
 18 files changed, 49 insertions(+), 46 deletions(-)
 create mode 100644 arch/sh/boot/compressed/ashiftrt.S
 create mode 100644 arch/sh/boot/compressed/ashldi3.c
 create mode 100644 arch/sh/boot/compressed/ashlsi3.S
 create mode 100644 arch/sh/boot/compressed/ashrsi3.S
 create mode 100644 arch/sh/boot/compressed/lshrsi3.S
Merging sparc-next/master (dd0d718152e4 Merge tag 'spi-fix-v5.8-rc2' of git://git.kernel.org/pub/scm/linux/kernel/git/broonie/spi)
$ git merge sparc-next/master
Already up to date.
Merging uml/linux-next (ed102bf2afed um: Fix W=1 missing-include-dirs warnings)
$ git merge uml/linux-next
Already up to date.
Merging xtensa/xtensa-for-next (6a8eb99e130f xtensa: ISS: add GDBIO implementation to semihosting interface)
$ git merge xtensa/xtensa-for-next
Already up to date.
Merging pidfd/for-next (8fac44cbbaa2 Merge branch 'fs/idmapped_mounts/helpers' into for-next)
$ git merge pidfd/for-next
Already up to date!
Merge made by the 'recursive' strategy.
Merging fscrypt/master (a14d0b676491 fscrypt: allow deleting files with unsupported encryption policy)
$ git merge fscrypt/master
Already up to date.
Merging fscache/fscache-next (3003bbd0697b afs: Use the netfs_write_begin() helper)
$ git merge fscache/fscache-next
Already up to date.
Merging afs/afs-next (7af08140979a Revert "gcov: clang: fix clang-11+ build")
$ git merge afs/afs-next
Already up to date.
Merging btrfs/for-next (507fa7fe0911 Merge branch 'fixes-for-master' into for-next-20210510)
$ git merge btrfs/for-next
Auto-merging fs/btrfs/zoned.c
CONFLICT (content): Merge conflict in fs/btrfs/zoned.c
Recorded preimage for 'fs/btrfs/zoned.c'
Automatic merge failed; fix conflicts and then commit the result.
$ git commit --no-edit -v -a
Recorded resolution for 'fs/btrfs/zoned.c'.
[master 59aee1f83f5b] Merge remote-tracking branch 'btrfs/for-next'
$ git diff -M --stat --summary HEAD^..
 fs/btrfs/ctree.h      |   4 +-
 fs/btrfs/disk-io.c    |  13 ++-
 fs/btrfs/extent_io.c  | 262 ++++++++++++++++++++++++--------------------------
 fs/btrfs/extent_io.h  |   4 +-
 fs/btrfs/inode.c      |  21 ++--
 fs/btrfs/ioctl.c      |   2 +
 fs/btrfs/space-info.c |  56 +++++++----
 fs/btrfs/volumes.c    |   4 +-
 fs/btrfs/zoned.c      |  12 ++-
 9 files changed, 200 insertions(+), 178 deletions(-)
Merging ceph/master (0e1c1526416f Merge commit 'ed94f87c2b123241ae5644cf82327e2da653adb6')
$ git merge ceph/master
Auto-merging fs/ceph/dir.c
Merge made by the 'recursive' strategy.
 fs/ceph/dir.c | 2 ++
 1 file changed, 2 insertions(+)
Merging cifs/for-next (e87dbd1cec70 Fix kernel oops when CONFIG_DEBUG_ATOMIC_SLEEP is enabled.)
$ git merge cifs/for-next
Merge made by the 'recursive' strategy.
 fs/cifs/cifsfs.c   |  2 +-
 fs/cifs/cifsglob.h |  3 +--
 fs/cifs/file.c     | 27 ++++++++++++---------------
 fs/cifs/misc.c     |  9 +++++++++
 4 files changed, 23 insertions(+), 18 deletions(-)
Merging cifsd/cifsd-for-next (4be799a29fa4 Merge pull request #44 from namjaejeon/cifsd-for-next)
$ git merge cifsd/cifsd-for-next
Auto-merging fs/Makefile
Auto-merging fs/Kconfig
Auto-merging MAINTAINERS
Auto-merging Documentation/filesystems/index.rst
Merge made by the 'recursive' strategy.
 Documentation/filesystems/cifs/cifsd.rst |  164 +
 Documentation/filesystems/cifs/index.rst |   10 +
 Documentation/filesystems/index.rst      |    2 +-
 MAINTAINERS                              |   12 +-
 fs/Kconfig                               |    1 +
 fs/Makefile                              |    1 +
 fs/cifsd/Kconfig                         |   66 +
 fs/cifsd/Makefile                        |   13 +
 fs/cifsd/asn1.c                          |  702 +++
 fs/cifsd/asn1.h                          |   29 +
 fs/cifsd/auth.c                          | 1344 +++++
 fs/cifsd/auth.h                          |   90 +
 fs/cifsd/buffer_pool.c                   |  264 +
 fs/cifsd/buffer_pool.h                   |   20 +
 fs/cifsd/connection.c                    |  411 ++
 fs/cifsd/connection.h                    |  208 +
 fs/cifsd/crypto_ctx.c                    |  286 ++
 fs/cifsd/crypto_ctx.h                    |   77 +
 fs/cifsd/glob.h                          |   64 +
 fs/cifsd/ksmbd_server.h                  |  283 ++
 fs/cifsd/ksmbd_work.c                    |   93 +
 fs/cifsd/ksmbd_work.h                    |  110 +
 fs/cifsd/mgmt/ksmbd_ida.c                |   48 +
 fs/cifsd/mgmt/ksmbd_ida.h                |   34 +
 fs/cifsd/mgmt/share_config.c             |  239 +
 fs/cifsd/mgmt/share_config.h             |   81 +
 fs/cifsd/mgmt/tree_connect.c             |  122 +
 fs/cifsd/mgmt/tree_connect.h             |   56 +
 fs/cifsd/mgmt/user_config.c              |   70 +
 fs/cifsd/mgmt/user_config.h              |   66 +
 fs/cifsd/mgmt/user_session.c             |  328 ++
 fs/cifsd/mgmt/user_session.h             |  103 +
 fs/cifsd/misc.c                          |  340 ++
 fs/cifsd/misc.h                          |   44 +
 fs/cifsd/ndr.c                           |  347 ++
 fs/cifsd/ndr.h                           |   21 +
 fs/cifsd/nterr.h                         |  545 ++
 fs/cifsd/ntlmssp.h                       |  169 +
 fs/cifsd/oplock.c                        | 1667 ++++++
 fs/cifsd/oplock.h                        |  133 +
 fs/cifsd/server.c                        |  631 +++
 fs/cifsd/server.h                        |   60 +
 fs/cifsd/smb2misc.c                      |  435 ++
 fs/cifsd/smb2ops.c                       |  300 ++
 fs/cifsd/smb2pdu.c                       | 8109 ++++++++++++++++++++++++++++++
 fs/cifsd/smb2pdu.h                       | 1656 ++++++
 fs/cifsd/smb_common.c                    |  652 +++
 fs/cifsd/smb_common.h                    |  544 ++
 fs/cifsd/smbacl.c                        | 1317 +++++
 fs/cifsd/smbacl.h                        |  201 +
 fs/cifsd/smbfsctl.h                      |   90 +
 fs/cifsd/smbstatus.h                     | 1822 +++++++
 fs/cifsd/transport_ipc.c                 |  881 ++++
 fs/cifsd/transport_ipc.h                 |   54 +
 fs/cifsd/transport_rdma.c                | 2034 ++++++++
 fs/cifsd/transport_rdma.h                |   61 +
 fs/cifsd/transport_tcp.c                 |  618 +++
 fs/cifsd/transport_tcp.h                 |   13 +
 fs/cifsd/unicode.c                       |  383 ++
 fs/cifsd/unicode.h                       |  356 ++
 fs/cifsd/uniupr.h                        |  268 +
 fs/cifsd/vfs.c                           | 1995 ++++++++
 fs/cifsd/vfs.h                           |  273 +
 fs/cifsd/vfs_cache.c                     |  683 +++
 fs/cifsd/vfs_cache.h                     |  185 +
 65 files changed, 32282 insertions(+), 2 deletions(-)
 create mode 100644 Documentation/filesystems/cifs/cifsd.rst
 create mode 100644 Documentation/filesystems/cifs/index.rst
 create mode 100644 fs/cifsd/Kconfig
 create mode 100644 fs/cifsd/Makefile
 create mode 100644 fs/cifsd/asn1.c
 create mode 100644 fs/cifsd/asn1.h
 create mode 100644 fs/cifsd/auth.c
 create mode 100644 fs/cifsd/auth.h
 create mode 100644 fs/cifsd/buffer_pool.c
 create mode 100644 fs/cifsd/buffer_pool.h
 create mode 100644 fs/cifsd/connection.c
 create mode 100644 fs/cifsd/connection.h
 create mode 100644 fs/cifsd/crypto_ctx.c
 create mode 100644 fs/cifsd/crypto_ctx.h
 create mode 100644 fs/cifsd/glob.h
 create mode 100644 fs/cifsd/ksmbd_server.h
 create mode 100644 fs/cifsd/ksmbd_work.c
 create mode 100644 fs/cifsd/ksmbd_work.h
 create mode 100644 fs/cifsd/mgmt/ksmbd_ida.c
 create mode 100644 fs/cifsd/mgmt/ksmbd_ida.h
 create mode 100644 fs/cifsd/mgmt/share_config.c
 create mode 100644 fs/cifsd/mgmt/share_config.h
 create mode 100644 fs/cifsd/mgmt/tree_connect.c
 create mode 100644 fs/cifsd/mgmt/tree_connect.h
 create mode 100644 fs/cifsd/mgmt/user_config.c
 create mode 100644 fs/cifsd/mgmt/user_config.h
 create mode 100644 fs/cifsd/mgmt/user_session.c
 create mode 100644 fs/cifsd/mgmt/user_session.h
 create mode 100644 fs/cifsd/misc.c
 create mode 100644 fs/cifsd/misc.h
 create mode 100644 fs/cifsd/ndr.c
 create mode 100644 fs/cifsd/ndr.h
 create mode 100644 fs/cifsd/nterr.h
 create mode 100644 fs/cifsd/ntlmssp.h
 create mode 100644 fs/cifsd/oplock.c
 create mode 100644 fs/cifsd/oplock.h
 create mode 100644 fs/cifsd/server.c
 create mode 100644 fs/cifsd/server.h
 create mode 100644 fs/cifsd/smb2misc.c
 create mode 100644 fs/cifsd/smb2ops.c
 create mode 100644 fs/cifsd/smb2pdu.c
 create mode 100644 fs/cifsd/smb2pdu.h
 create mode 100644 fs/cifsd/smb_common.c
 create mode 100644 fs/cifsd/smb_common.h
 create mode 100644 fs/cifsd/smbacl.c
 create mode 100644 fs/cifsd/smbacl.h
 create mode 100644 fs/cifsd/smbfsctl.h
 create mode 100644 fs/cifsd/smbstatus.h
 create mode 100644 fs/cifsd/transport_ipc.c
 create mode 100644 fs/cifsd/transport_ipc.h
 create mode 100644 fs/cifsd/transport_rdma.c
 create mode 100644 fs/cifsd/transport_rdma.h
 create mode 100644 fs/cifsd/transport_tcp.c
 create mode 100644 fs/cifsd/transport_tcp.h
 create mode 100644 fs/cifsd/unicode.c
 create mode 100644 fs/cifsd/unicode.h
 create mode 100644 fs/cifsd/uniupr.h
 create mode 100644 fs/cifsd/vfs.c
 create mode 100644 fs/cifsd/vfs.h
 create mode 100644 fs/cifsd/vfs_cache.c
 create mode 100644 fs/cifsd/vfs_cache.h
Merging configfs/for-next (14fbbc829772 configfs: fix a use-after-free in __configfs_open_file)
$ git merge configfs/for-next
Already up to date.
Merging ecryptfs/next (682a8e2b41ef Merge tag 'ecryptfs-5.13-rc1-updates' of git://git.kernel.org/pub/scm/linux/kernel/git/tyhicks/ecryptfs)
$ git merge ecryptfs/next
Already up to date.
Merging erofs/dev (8e6c8fa9f2e9 erofs: enable big pcluster feature)
$ git merge erofs/dev
Already up to date.
Merging exfat/dev (b741596468b0 Merge tag 'riscv-for-linus-5.13-mw1' of git://git.kernel.org/pub/scm/linux/kernel/git/riscv/linux)
$ git merge exfat/dev
Already up to date.
Merging ext3/for_next (2335e1b8ee3b Pull MAINTAINERS file update.)
$ git merge ext3/for_next
Auto-merging MAINTAINERS
Merge made by the 'recursive' strategy.
 MAINTAINERS      | 1 +
 fs/quota/dquot.c | 6 ++----
 2 files changed, 3 insertions(+), 4 deletions(-)
Merging ext4/dev (6c0912739699 ext4: wipe ext4_dir_entry2 upon file deletion)
$ git merge ext4/dev
Already up to date.
Merging f2fs/dev (d665ea6ea86c Merge tag 'for-linus-5.13-rc1' of git://git.kernel.org/pub/scm/linux/kernel/git/rw/uml)
$ git merge f2fs/dev
Already up to date.
Merging fsverity/fsverity (07c99001312c fs-verity: support reading signature with ioctl)
$ git merge fsverity/fsverity
Already up to date.
Merging fuse/for-next (3c9c14338c12 cuse: simplify refcount)
$ git merge fuse/for-next
Already up to date.
Merging jfs/jfs-next (b462cecfa323 fs: Fix typo issue)
$ git merge jfs/jfs-next
Merge made by the 'recursive' strategy.
 fs/jfs/jfs_dmap.c | 2 +-
 1 file changed, 1 insertion(+), 1 deletion(-)
Merging nfs/linux-next (9e895cd9649a xprtrdma: Fix a NULL dereference in frwr_unmap_sync())
$ git merge nfs/linux-next
Already up to date.
Merging nfs-anna/linux-next (4f8be1f53bf6 nfs: we don't support removing system.nfs4_acl)
$ git merge nfs-anna/linux-next
Already up to date.
Merging nfsd/nfsd-next (c3213d260a23 SUNRPC: Fix oops in the rpc_xdr_buf event class)
$ git merge nfsd/nfsd-next
Already up to date.
Merging cel/for-next (b9f83ffaa0c0 SUNRPC: Fix null pointer dereference in svc_rqst_free())
$ git merge cel/for-next
Already up to date.
Merging orangefs/for-next (211f9f2e0503 orangefs: leave files in the page cache for a few micro seconds at least)
$ git merge orangefs/for-next
Already up to date.
Merging overlayfs/overlayfs-next (5e717c6fa41f ovl: add debug print to ovl_do_getxattr())
$ git merge overlayfs/overlayfs-next
Already up to date.
Merging ubifs/next (9a29f7f020e0 ubi: Remove unnecessary struct declaration)
$ git merge ubifs/next
Already up to date.
Merging v9fs/9p-next (f8b139e2f241 fs: 9p: fix v9fs_file_open writeback fid error check)
$ git merge v9fs/9p-next
Already up to date.
Merging xfs/for-next (8e9800f9f2b8 xfs: don't allow log writes if the data device is readonly)
$ git merge xfs/for-next
Already up to date.
Merging zonefs/for-next (6980d29ce4da zonefs: fix to update .i_wr_refcnt correctly in zonefs_open_zone())
$ git merge zonefs/for-next
Already up to date.
Merging iomap/iomap-for-next (6e552494fb90 iomap: remove unused private field from ioend)
$ git merge iomap/iomap-for-next
Already up to date.
Merging djw-vfs/vfs-for-next (9b8523423b23 vfs: move __sb_{start,end}_write* to fs.h)
$ git merge djw-vfs/vfs-for-next
Already up to date.
Merging file-locks/locks-next (cbe6fc4e0142 fs/locks: remove useless assignment in fcntl_getlk)
$ git merge file-locks/locks-next
Already up to date.
Merging vfs/for-next (e8727aec724e Merge branch 'work.misc' into for-next)
$ git merge vfs/for-next
Auto-merging fs/cifs/file.c
Merge made by the 'recursive' strategy.
Merging printk/for-next (a386d19acc30 Merge branch 'for-5.13' into for-next)
$ git merge printk/for-next
Already up to date!
Merge made by the 'recursive' strategy.
Merging pci/next (6efb943b8616 Linux 5.13-rc1)
$ git merge pci/next
Already up to date.
Merging pstore/for-next/pstore (9d843e8fafc7 pstore: Add mem_type property DT parsing support)
$ git merge pstore/for-next/pstore
Already up to date.
Merging hid/for-next (adfd5f216d25 Merge branch 'for-5.13/upstream-fixes' into for-next)
$ git merge hid/for-next
Merge made by the 'recursive' strategy.
 drivers/hid/Kconfig                          |  19 +++-
 drivers/hid/Makefile                         |   1 +
 drivers/hid/hid-a4tech.c                     |   2 +
 drivers/hid/hid-asus.c                       |  12 ++-
 drivers/hid/hid-core.c                       |  13 ++-
 drivers/hid/hid-debug.c                      |   3 +
 drivers/hid/hid-ft260.c                      |   5 +-
 drivers/hid/hid-google-hammer.c              |  10 ++
 drivers/hid/hid-ids.h                        |  10 +-
 drivers/hid/hid-input.c                      |   9 +-
 drivers/hid/hid-ite.c                        |   1 +
 drivers/hid/hid-lg-g15.c                     | 141 ++++++++++++++++++---------
 drivers/hid/hid-logitech-dj.c                |   8 ++
 drivers/hid/hid-logitech-hidpp.c             |  12 +++
 drivers/hid/hid-multitouch.c                 |  18 ++--
 drivers/hid/hid-quirks.c                     |   4 +
 drivers/hid/hid-semitek.c                    |  40 ++++++++
 drivers/hid/hid-sensor-hub.c                 |  13 ++-
 drivers/hid/hid-thrustmaster.c               |   2 +-
 drivers/hid/i2c-hid/i2c-hid-core.c           |   9 +-
 drivers/hid/intel-ish-hid/ipc/ipc.c          |   2 +-
 drivers/hid/intel-ish-hid/ipc/pci-ish.c      |   3 +-
 drivers/hid/intel-ish-hid/ishtp-fw-loader.c  |  49 +++++-----
 drivers/hid/intel-ish-hid/ishtp-hid-client.c |  15 +--
 drivers/hid/intel-ish-hid/ishtp-hid.c        |   2 +-
 drivers/hid/intel-ish-hid/ishtp-hid.h        |   9 +-
 drivers/hid/intel-ish-hid/ishtp/bus.c        |  24 +++--
 drivers/hid/intel-ish-hid/ishtp/client.c     |   5 +-
 drivers/hid/intel-ish-hid/ishtp/hbm.c        |  10 +-
 drivers/hid/intel-ish-hid/ishtp/hbm.h        |   1 +
 drivers/hid/intel-ish-hid/ishtp/ishtp-dev.h  |   4 +-
 drivers/hid/surface-hid/surface_hid_core.c   |   6 +-
 drivers/hid/usbhid/hid-core.c                |   2 +-
 drivers/platform/chrome/cros_ec_ishtp.c      |   4 +-
 include/linux/hid.h                          |   3 +-
 include/linux/intel-ish-client-if.h          |  10 +-
 include/uapi/linux/input-event-codes.h       |   1 +
 37 files changed, 332 insertions(+), 150 deletions(-)
 create mode 100644 drivers/hid/hid-semitek.c
Merging i2c/i2c/for-next (f9743e4d0a62 Merge branch 'i2c/for-5.13' into i2c/for-next)
$ git merge i2c/i2c/for-next
Already up to date!
Merge made by the 'recursive' strategy.
Merging i3c/i3c/next (0d95f41ebde4 Revert "i3c master: fix missing destroy_workqueue() on error in i3c_master_register")
$ git merge i3c/i3c/next
Already up to date.
Merging dmi/dmi-for-next (3cb4d29a2633 MAINTAINERS: The DMI/SMBIOS tree has moved)
$ git merge dmi/dmi-for-next
Already up to date.
Merging hwmon-staging/hwmon-next (7c9df4e6170c hwmon: (lm70) Use SPI_MODE_X_MASK)
$ git merge hwmon-staging/hwmon-next
Merge made by the 'recursive' strategy.
 Documentation/devicetree/bindings/hwmon/lm75.yaml |   1 +
 Documentation/hwmon/ir36021.rst                   |   2 +-
 Documentation/hwmon/lm75.rst                      |   6 +-
 Documentation/hwmon/ltc2992.rst                   |   2 +-
 Documentation/hwmon/pm6764tr.rst                  |   2 +-
 Documentation/hwmon/tmp103.rst                    |   4 +-
 Documentation/hwmon/zl6100.rst                    | 132 +++++++++++++++-------
 drivers/hwmon/lm70.c                              |  28 +----
 drivers/hwmon/lm75.c                              |  13 +++
 drivers/hwmon/max31722.c                          |   9 --
 drivers/hwmon/pmbus/zl6100.c                      |  94 ++++++++++++---
 11 files changed, 194 insertions(+), 99 deletions(-)
Merging jc_docs/docs-next (9e255e2b9afe Documentation: drop optional BOMs)
$ git merge jc_docs/docs-next
Removing Documentation/translations/zh_CN/SecurityBugs
Merge made by the 'recursive' strategy.
 Documentation/block/data-integrity.rst             |  2 +-
 .../process/kernel-enforcement-statement.rst       |  2 +-
 Documentation/security/tpm/xen-tpmfront.rst        |  2 +-
 Documentation/timers/no_hz.rst                     |  2 +-
 Documentation/translations/zh_CN/SecurityBugs      | 50 ----------------------
 Documentation/usb/mtouchusb.rst                    |  2 +-
 Documentation/usb/usb-serial.rst                   |  2 +-
 7 files changed, 6 insertions(+), 56 deletions(-)
 delete mode 100644 Documentation/translations/zh_CN/SecurityBugs
Merging v4l-dvb/master (73edc4da4063 media: staging: media: atomisp: pci: Format comments according to coding-style in file atomisp_cmd.h)
$ git merge v4l-dvb/master
Merge made by the 'recursive' strategy.
 drivers/media/cec/platform/s5p/s5p_cec.c           |   7 +-
 drivers/media/i2c/ccs/ccs-core.c                   |  34 +++--
 drivers/media/i2c/imx334.c                         |   7 +-
 drivers/media/platform/am437x/am437x-vpfe.c        |  15 +-
 drivers/media/platform/atmel/atmel-isc-base.c      |  30 +++-
 drivers/media/platform/atmel/atmel-isi.c           |  19 ++-
 drivers/media/platform/exynos-gsc/gsc-core.c       |  11 +-
 drivers/media/platform/exynos-gsc/gsc-m2m.c        |   4 +-
 drivers/media/platform/exynos4-is/fimc-capture.c   |   6 +-
 drivers/media/platform/exynos4-is/fimc-is.c        |   4 +-
 drivers/media/platform/exynos4-is/fimc-isp-video.c |   3 +-
 drivers/media/platform/exynos4-is/fimc-isp.c       |   7 +-
 drivers/media/platform/exynos4-is/fimc-lite.c      |   5 +-
 drivers/media/platform/exynos4-is/fimc-m2m.c       |   5 +-
 drivers/media/platform/exynos4-is/media-dev.c      |   9 +-
 drivers/media/platform/exynos4-is/mipi-csis.c      |  10 +-
 drivers/media/platform/marvell-ccic/mcam-core.c    |   9 +-
 drivers/media/platform/mtk-mdp/mtk_mdp_m2m.c       |   6 +-
 .../media/platform/mtk-vcodec/mtk_vcodec_dec_drv.c |   4 +-
 .../media/platform/mtk-vcodec/mtk_vcodec_dec_pm.c  |   8 +-
 .../media/platform/mtk-vcodec/mtk_vcodec_dec_pm.h  |   2 +-
 drivers/media/platform/qcom/venus/core.c           |  60 ++++++--
 drivers/media/platform/rcar_fdp1.c                 |  28 ++--
 drivers/media/platform/renesas-ceu.c               |   4 +-
 drivers/media/platform/s5p-jpeg/jpeg-core.c        |   5 +-
 drivers/media/platform/sh_vou.c                    |   6 +-
 drivers/media/platform/sti/bdisp/bdisp-v4l2.c      |   7 +-
 drivers/media/platform/sti/delta/delta-v4l2.c      |   8 +-
 .../platform/sunxi/sun8i-rotate/sun8i_rotate.c     |   2 +-
 drivers/staging/media/atomisp/i2c/atomisp-gc2235.c |   4 +-
 drivers/staging/media/atomisp/i2c/atomisp-ov2722.c |  18 +--
 drivers/staging/media/atomisp/pci/atomisp_acc.c    |  12 +-
 drivers/staging/media/atomisp/pci/atomisp_cmd.h    | 161 ++++++---------------
 drivers/staging/media/atomisp/pci/atomisp_v4l2.c   |   2 +-
 drivers/staging/media/hantro/hantro_drv.c          |  33 +++--
 drivers/staging/media/hantro/hantro_hw.h           |   2 +-
 drivers/staging/media/hantro/hantro_mpeg2.c        |   2 +-
 drivers/staging/media/ipu3/include/intel-ipu3.h    |  13 +-
 drivers/staging/media/omap4iss/iss.h               |   3 -
 drivers/staging/media/omap4iss/iss_video.c         |   4 +-
 drivers/staging/media/rkvdec/rkvdec.c              |   2 +-
 drivers/staging/media/zoran/zr36057.h              |  14 +-
 42 files changed, 313 insertions(+), 282 deletions(-)
Merging v4l-dvb-next/master (bf05bf16c76b Linux 5.12-rc8)
$ git merge v4l-dvb-next/master
Already up to date.
Merging fbdev/fbdev-for-next (732146a3f1dc video: fbdev: imxfb: fix a typo in imxfb_probe())
$ git merge fbdev/fbdev-for-next
Already up to date.
Merging pm/linux-next (dc9d574fa82f Merge branch 'acpi-pm' into linux-next)
$ git merge pm/linux-next
Merge made by the 'recursive' strategy.
 drivers/acpi/internal.h        |  1 +
 drivers/acpi/power.c           |  2 +-
 drivers/acpi/scan.c            |  2 ++
 drivers/acpi/sleep.h           |  1 -
 drivers/cpufreq/intel_pstate.c | 14 +++++++++++++-
 5 files changed, 17 insertions(+), 3 deletions(-)
Merging cpufreq-arm/cpufreq/arm/linux-next (dbbd49bade05 cpufreq: armada-37xx: Fix module unloading)
$ git merge cpufreq-arm/cpufreq/arm/linux-next
Already up to date.
Merging cpupower/cpupower (a38fd8748464 Linux 5.12-rc2)
$ git merge cpupower/cpupower
Already up to date.
Merging devfreq/devfreq-next (0a7dc8318c28 PM / devfreq: imx8m-ddrc: Remove unneeded of_match_ptr())
$ git merge devfreq/devfreq-next
Already up to date.
Merging opp/opp/linux-next (a8bb0e872bfb memory: samsung: exynos5422-dmc: Convert to use resource-managed OPP API)
$ git merge opp/opp/linux-next
Already up to date.
Merging thermal/thermal/linux-next (c310e546164d thermal/drivers/mtk_thermal: Remove redundant initializations of several variables)
$ git merge thermal/thermal/linux-next
Already up to date.
Merging thermal-rzhang/next (54ecb8f7028c Linux 5.4-rc1)
$ git merge thermal-rzhang/next
Already up to date.
Merging thermal-soc/next (6c375eccded4 thermal: db8500: Rewrite to be a pure OF sensor)
$ git merge thermal-soc/next
Already up to date.
Merging ieee1394/for-next (67f8e65e4fc1 firewire: net: remove set but not used variable 'guid')
$ git merge ieee1394/for-next
Auto-merging drivers/firewire/net.c
Merge made by the 'recursive' strategy.
 drivers/firewire/net.c | 2 --
 1 file changed, 2 deletions(-)
Merging dlm/next (2fd8db2dd05d fs: dlm: fix missing unlock on error in accept_from_sock())
$ git merge dlm/next
Already up to date.
Merging swiotlb/linux-next (dfc06b389a4f swiotlb: don't override user specified size in swiotlb_adjust_size)
$ git merge swiotlb/linux-next
Already up to date.
Merging rdma/for-next (6da7bda36388 IB/qib: Remove redundant assignment to ret)
$ git merge rdma/for-next
Already up to date.
Merging net-next/master (3913ba732e97 Merge branch 'mvpp2-warnings')
$ git merge net-next/master
Merge made by the 'recursive' strategy.
 drivers/atm/iphase.c                               |  11 +-
 drivers/atm/iphase.h                               |   1 -
 drivers/net/ethernet/marvell/mvpp2/mvpp2_main.c    |  66 ++-
 drivers/net/ethernet/marvell/mvpp2/mvpp2_prs.c     |   3 -
 drivers/net/ethernet/oki-semi/pch_gbe/pch_gbe.h    |   2 -
 .../ethernet/oki-semi/pch_gbe/pch_gbe_ethtool.c    |   2 +
 .../net/ethernet/oki-semi/pch_gbe/pch_gbe_main.c   | 102 ++--
 drivers/net/ethernet/qualcomm/qca_debug.c          |   1 +
 drivers/net/ethernet/qualcomm/qca_spi.c            |  10 +-
 drivers/net/ethernet/qualcomm/qca_spi.h            |   1 +
 .../net/ethernet/stmicro/stmmac/stmmac_platform.c  |   2 -
 drivers/net/phy/nxp-c45-tja11xx.c                  | 531 ++++++++++++++++++++-
 drivers/ptp/ptp_clock.c                            |  21 -
 include/linux/ptp_clock_kernel.h                   |  34 +-
 net/core/neighbour.c                               |   2 +-
 net/core/rtnetlink.c                               |  26 +-
 net/ipv4/devinet.c                                 |   4 +-
 net/openvswitch/conntrack.c                        |  11 +-
 18 files changed, 670 insertions(+), 160 deletions(-)
Merging bpf-next/for-next (b741596468b0 Merge tag 'riscv-for-linus-5.13-mw1' of git://git.kernel.org/pub/scm/linux/kernel/git/riscv/linux)
$ git merge bpf-next/for-next
Already up to date.
Merging ipsec-next/master (747b67088f8d xfrm: ipcomp: remove unnecessary get_cpu())
$ git merge ipsec-next/master
Already up to date.
Merging mlx5-next/mlx5-next (63f9c44bca5e net/mlx5: Add MEMIC operations related bits)
$ git merge mlx5-next/mlx5-next
Already up to date.
Merging netfilter-next/master (9d31d2338950 Merge tag 'net-next-5.13' of git://git.kernel.org/pub/scm/linux/kernel/git/netdev/net-next)
$ git merge netfilter-next/master
Already up to date.
Merging ipvs-next/master (99ba0ea616aa sfc: adjust efx->xdp_tx_queue_count with the real number of initialized queues)
$ git merge ipvs-next/master
Already up to date.
Merging wireless-drivers-next/master (9382531ec63f Merge tag 'mt76-for-kvalo-2021-04-21' of https://github.com/nbd168/wireless)
$ git merge wireless-drivers-next/master
Already up to date.
Merging bluetooth/master (da68ad722e54 Bluetooth: btqca: Don't modify firmware contents in-place)
$ git merge bluetooth/master
Merge made by the 'recursive' strategy.
 drivers/bluetooth/btqca.c        | 27 ++++++++++++++++++-------
 drivers/bluetooth/btusb.c        | 34 ++++++++++++++++++++++++++-----
 drivers/bluetooth/hci_qca.c      |  4 ++--
 drivers/bluetooth/virtio_bt.c    |  3 +++
 include/net/bluetooth/hci.h      |  1 +
 include/net/bluetooth/hci_core.h |  3 ++-
 include/net/bluetooth/mgmt.h     |  1 +
 net/bluetooth/6lowpan.c          | 38 +----------------------------------
 net/bluetooth/cmtp/core.c        |  5 +++++
 net/bluetooth/hci_core.c         | 22 ++++++++++++++++++++
 net/bluetooth/hci_event.c        | 43 ++++++++++++++++++++++++----------------
 net/bluetooth/l2cap_core.c       |  2 +-
 net/bluetooth/mgmt.c             |  9 ++++++++-
 net/bluetooth/msft.c             |  6 +++---
 14 files changed, 124 insertions(+), 74 deletions(-)
Merging mac80211-next/master (9d31d2338950 Merge tag 'net-next-5.13' of git://git.kernel.org/pub/scm/linux/kernel/git/netdev/net-next)
$ git merge mac80211-next/master
Already up to date.
Merging gfs2/for-next (f2c80837e27e Merge tag 'gfs2-for-5.13' of git://git.kernel.org/pub/scm/linux/kernel/git/gfs2/linux-gfs2)
$ git merge gfs2/for-next
Already up to date.
Merging mtd/mtd/next (cc9d663a00a0 drivers: mtd: sm_ftl: Fix alignment of block comment)
$ git merge mtd/mtd/next
Merge made by the 'recursive' strategy.
 Documentation/devicetree/bindings/mtd/common.txt   |  16 +-
 .../devicetree/bindings/mtd/jedec,spi-nor.yaml     |   6 +
 Documentation/devicetree/bindings/mtd/mtd.yaml     |  89 ++++++++++
 .../bindings/mtd/partitions/brcm,trx.txt           |   5 +
 drivers/mtd/devices/phram.c                        |   1 +
 drivers/mtd/inftlmount.c                           |   2 +-
 drivers/mtd/maps/plat-ram.c                        |   1 -
 drivers/mtd/mtdcore.c                              | 192 ++++++++++++++++++---
 drivers/mtd/mtdpart.c                              |   2 +-
 drivers/mtd/nftlcore.c                             |   1 -
 drivers/mtd/nftlmount.c                            |   2 +-
 drivers/mtd/parsers/Kconfig                        |   2 +-
 drivers/mtd/parsers/parser_trx.c                   |   9 +-
 drivers/mtd/sm_ftl.c                               |  51 ++++--
 drivers/mtd/tests/oobtest.c                        |   7 +-
 drivers/mtd/tests/torturetest.c                    |   2 -
 drivers/nvmem/core.c                               |   4 +-
 include/linux/mtd/mtd.h                            |   2 +
 include/linux/nvmem-provider.h                     |   2 +
 19 files changed, 324 insertions(+), 72 deletions(-)
 create mode 100644 Documentation/devicetree/bindings/mtd/mtd.yaml
Merging nand/nand/next (fd0d8d85f723 mtd: nand: bbt: Fix corner case in bad block table handling)
$ git merge nand/nand/next
Removing Documentation/devicetree/bindings/mtd/brcm,brcmnand.txt
Merge made by the 'recursive' strategy.
 .../devicetree/bindings/mtd/brcm,brcmnand.txt      | 186 ----------------
 .../devicetree/bindings/mtd/brcm,brcmnand.yaml     | 242 +++++++++++++++++++++
 drivers/mtd/nand/bbt.c                             |   2 +-
 drivers/mtd/nand/raw/hisi504_nand.c                |   4 +-
 drivers/mtd/nand/raw/mtk_ecc.c                     |   4 +-
 drivers/mtd/nand/raw/nand_base.c                   |   1 +
 drivers/mtd/nand/raw/qcom_nandc.c                  |   2 +-
 7 files changed, 247 insertions(+), 194 deletions(-)
 delete mode 100644 Documentation/devicetree/bindings/mtd/brcm,brcmnand.txt
 create mode 100644 Documentation/devicetree/bindings/mtd/brcm,brcmnand.yaml
Merging spi-nor/spi-nor/next (46094049a49b Revert "mtd: spi-nor: macronix: Add support for mx25l51245g")
$ git merge spi-nor/spi-nor/next
Already up to date.
Merging crypto/master (e3a606f2c544 fsverity: relax build time dependency on CRYPTO_SHA256)
$ git merge crypto/master
Already up to date.
Merging drm/drm-next (0844708ac3d2 Merge tag 'amd-drm-fixes-5.13-2021-05-05' of https://gitlab.freedesktop.org/agd5f/linux into drm-next)
$ git merge drm/drm-next
Already up to date.
$ git am -3 ../patches/0001-merge-fix-for-drm-Switch-to-p4cc-format-modifier.patch
Applying: merge fix for "drm: Switch to %p4cc format modifier"
$ git reset HEAD^
Unstaged changes after reset:
M	drivers/gpu/drm/i915/display/skl_universal_plane.c
$ git add -A .
$ git commit -v -a --amend
[master b42f70fb8421] Merge remote-tracking branch 'nand/nand/next'
 Date: Tue May 11 09:55:12 2021 +1000
Merging drm-misc/for-linux-next (b9d79e4ca4ff fbmem: Mark proc_fb_seq_ops as __maybe_unused)
$ git merge drm-misc/for-linux-next
Already up to date.
Merging amdgpu/drm-next (a46e77cae388 drm/radeon: Add HD-audio component notifier support)
$ git merge amdgpu/drm-next
Auto-merging drivers/gpu/drm/amd/pm/amdgpu_pm.c
Auto-merging drivers/gpu/drm/amd/display/amdgpu_dm/amdgpu_dm_debugfs.c
Auto-merging drivers/gpu/drm/amd/display/amdgpu_dm/amdgpu_dm.c
Auto-merging drivers/gpu/drm/amd/amdgpu/amdgpu_vm.h
Auto-merging drivers/gpu/drm/amd/amdgpu/amdgpu_vm.c
Auto-merging drivers/gpu/drm/amd/amdgpu/amdgpu_drv.c
Auto-merging drivers/gpu/drm/amd/amdgpu/amdgpu_device.c
Auto-merging MAINTAINERS
Merge made by the 'recursive' strategy.
 MAINTAINERS                                        |    4 +-
 drivers/gpu/drm/Kconfig                            |    1 +
 drivers/gpu/drm/amd/amdgpu/Makefile                |    2 +-
 drivers/gpu/drm/amd/amdgpu/amdgpu.h                |    3 +-
 drivers/gpu/drm/amd/amdgpu/amdgpu_acpi.c           |   15 +-
 drivers/gpu/drm/amd/amdgpu/amdgpu_amdkfd.h         |   26 +-
 .../gpu/drm/amd/amdgpu/amdgpu_amdkfd_arcturus.c    |    1 +
 drivers/gpu/drm/amd/amdgpu/amdgpu_amdkfd_fence.c   |   20 +-
 drivers/gpu/drm/amd/amdgpu/amdgpu_amdkfd_gfx_v9.c  |    8 +-
 drivers/gpu/drm/amd/amdgpu/amdgpu_amdkfd_gpuvm.c   |   98 +-
 drivers/gpu/drm/amd/amdgpu/amdgpu_cs.c             |    6 +-
 drivers/gpu/drm/amd/amdgpu/amdgpu_device.c         |   21 +-
 drivers/gpu/drm/amd/amdgpu/amdgpu_drv.c            |   18 +-
 drivers/gpu/drm/amd/amdgpu/amdgpu_fence.c          |    1 +
 drivers/gpu/drm/amd/amdgpu/amdgpu_gart.c           |    4 +-
 drivers/gpu/drm/amd/amdgpu/amdgpu_gmc.c            |   61 +-
 drivers/gpu/drm/amd/amdgpu/amdgpu_gmc.h            |    6 +-
 drivers/gpu/drm/amd/amdgpu/amdgpu_gtt_mgr.c        |  169 +-
 drivers/gpu/drm/amd/amdgpu/amdgpu_hdp.c            |   69 +
 drivers/gpu/drm/amd/amdgpu/amdgpu_hdp.h            |   13 +-
 drivers/gpu/drm/amd/amdgpu/amdgpu_ib.c             |    2 +-
 drivers/gpu/drm/amd/amdgpu/amdgpu_ih.c             |    4 +-
 drivers/gpu/drm/amd/amdgpu/amdgpu_kms.c            |   30 +-
 drivers/gpu/drm/amd/amdgpu/amdgpu_mmhub.h          |    1 +
 drivers/gpu/drm/amd/amdgpu/amdgpu_mn.c             |   86 +
 drivers/gpu/drm/amd/amdgpu/amdgpu_mn.h             |    7 +
 drivers/gpu/drm/amd/amdgpu/amdgpu_object.c         |   72 +-
 drivers/gpu/drm/amd/amdgpu/amdgpu_object.h         |    7 +
 drivers/gpu/drm/amd/amdgpu/amdgpu_psp.c            |   73 +-
 drivers/gpu/drm/amd/amdgpu/amdgpu_ras.c            |  199 +-
 drivers/gpu/drm/amd/amdgpu/amdgpu_ras.h            |    5 +-
 drivers/gpu/drm/amd/amdgpu/amdgpu_ring.c           |    1 +
 drivers/gpu/drm/amd/amdgpu/amdgpu_smuio.h          |    1 +
 drivers/gpu/drm/amd/amdgpu/amdgpu_ttm.c            |   99 +-
 drivers/gpu/drm/amd/amdgpu/amdgpu_virt.c           |   10 +-
 drivers/gpu/drm/amd/amdgpu/amdgpu_vm.c             |  124 +-
 drivers/gpu/drm/amd/amdgpu/amdgpu_vm.h             |   17 +-
 drivers/gpu/drm/amd/amdgpu/amdgpu_vram_mgr.c       |  231 +-
 drivers/gpu/drm/amd/amdgpu/amdgv_sriovmsg.h        |    6 +-
 drivers/gpu/drm/amd/amdgpu/atom.c                  |  158 +
 drivers/gpu/drm/amd/amdgpu/atom.h                  |   11 +
 drivers/gpu/drm/amd/amdgpu/df_v3_6.c               |   17 +-
 drivers/gpu/drm/amd/amdgpu/gfx_v9_0.c              |   14 +-
 drivers/gpu/drm/amd/amdgpu/gfx_v9_4_2.c            |  636 +++-
 drivers/gpu/drm/amd/amdgpu/gfx_v9_4_2.h            |    1 +
 drivers/gpu/drm/amd/amdgpu/gfxhub_v1_0.c           |    8 +-
 drivers/gpu/drm/amd/amdgpu/gmc_v9_0.c              |   13 +-
 drivers/gpu/drm/amd/amdgpu/hdp_v4_0.c              |   31 +-
 drivers/gpu/drm/amd/amdgpu/hdp_v4_0.h              |    1 +
 drivers/gpu/drm/amd/amdgpu/mmhub_v1_7.c            |   25 +-
 drivers/gpu/drm/amd/amdgpu/mmhub_v2_3.c            |    4 +-
 drivers/gpu/drm/amd/amdgpu/nv.c                    |    5 +
 drivers/gpu/drm/amd/amdgpu/psp_gfx_if.h            |    1 -
 drivers/gpu/drm/amd/amdgpu/sdma_v4_0.c             |   35 +-
 drivers/gpu/drm/amd/amdgpu/sdma_v5_0.c             |   40 +-
 drivers/gpu/drm/amd/amdgpu/sdma_v5_2.c             |    8 +
 drivers/gpu/drm/amd/amdgpu/smuio_v13_0.c           |   18 +
 drivers/gpu/drm/amd/amdgpu/soc15.c                 |   16 +-
 drivers/gpu/drm/amd/amdgpu/ta_ras_if.h             |    7 +
 drivers/gpu/drm/amd/amdgpu/vcn_v1_0.c              |   13 +-
 drivers/gpu/drm/amd/amdgpu/vega10_ih.c             |    1 +
 drivers/gpu/drm/amd/amdkfd/Kconfig                 |   13 +
 drivers/gpu/drm/amd/amdkfd/Makefile                |    5 +
 drivers/gpu/drm/amd/amdkfd/kfd_chardev.c           |   80 +-
 drivers/gpu/drm/amd/amdkfd/kfd_crat.c              |  881 +++++-
 drivers/gpu/drm/amd/amdkfd/kfd_device.c            |   19 +-
 .../gpu/drm/amd/amdkfd/kfd_device_queue_manager.c  |    6 +-
 .../drm/amd/amdkfd/kfd_device_queue_manager_v9.c   |   13 +-
 drivers/gpu/drm/amd/amdkfd/kfd_flat_memory.c       |    4 +
 drivers/gpu/drm/amd/amdkfd/kfd_int_process_v9.c    |    1 -
 drivers/gpu/drm/amd/amdkfd/kfd_migrate.c           |  937 ++++++
 drivers/gpu/drm/amd/amdkfd/kfd_migrate.h           |   65 +
 drivers/gpu/drm/amd/amdkfd/kfd_packet_manager.c    |   12 +-
 drivers/gpu/drm/amd/amdkfd/kfd_packet_manager_v9.c |   58 +-
 .../gpu/drm/amd/amdkfd/kfd_pm4_headers_aldebaran.h |   93 +
 drivers/gpu/drm/amd/amdkfd/kfd_priv.h              |   39 +-
 drivers/gpu/drm/amd/amdkfd/kfd_process.c           |  124 +-
 drivers/gpu/drm/amd/amdkfd/kfd_svm.c               | 3081 ++++++++++++++++++++
 drivers/gpu/drm/amd/amdkfd/kfd_svm.h               |  206 ++
 drivers/gpu/drm/amd/amdkfd/kfd_topology.c          |   82 +-
 drivers/gpu/drm/amd/amdkfd/kfd_topology.h          |   10 +-
 drivers/gpu/drm/amd/display/amdgpu_dm/amdgpu_dm.c  |  259 +-
 drivers/gpu/drm/amd/display/amdgpu_dm/amdgpu_dm.h  |   22 +-
 .../drm/amd/display/amdgpu_dm/amdgpu_dm_debugfs.c  |  106 +-
 .../gpu/drm/amd/display/amdgpu_dm/amdgpu_dm_hdcp.c |    1 +
 .../drm/amd/display/amdgpu_dm/amdgpu_dm_helpers.c  |   19 +-
 .../gpu/drm/amd/display/amdgpu_dm/amdgpu_dm_irq.c  |   27 +-
 .../gpu/drm/amd/display/amdgpu_dm/amdgpu_dm_irq.h  |    1 +
 .../amd/display/amdgpu_dm/amdgpu_dm_mst_types.c    |    3 +
 drivers/gpu/drm/amd/display/dc/Makefile            |    2 +-
 drivers/gpu/drm/amd/display/dc/bios/bios_parser2.c |    2 +
 .../drm/amd/display/dc/clk_mgr/dcn21/rn_clk_mgr.c  |  144 +-
 drivers/gpu/drm/amd/display/dc/core/dc.c           |   16 +-
 drivers/gpu/drm/amd/display/dc/core/dc_link.c      |  102 +-
 drivers/gpu/drm/amd/display/dc/core/dc_link_ddc.c  |    9 +-
 drivers/gpu/drm/amd/display/dc/core/dc_link_dp.c   |  239 +-
 .../gpu/drm/amd/display/dc/core/dc_link_enc_cfg.c  |   22 +-
 drivers/gpu/drm/amd/display/dc/core/dc_link_hwss.c |    3 +-
 drivers/gpu/drm/amd/display/dc/core/dc_resource.c  |    7 +-
 drivers/gpu/drm/amd/display/dc/dc.h                |    6 +-
 drivers/gpu/drm/amd/display/dc/dc_dmub_srv.c       |    2 +-
 drivers/gpu/drm/amd/display/dc/dc_dp_types.h       |    1 +
 drivers/gpu/drm/amd/display/dc/dc_dsc.h            |    5 +-
 drivers/gpu/drm/amd/display/dc/dc_hw_types.h       |    1 +
 drivers/gpu/drm/amd/display/dc/dc_link.h           |   10 +-
 drivers/gpu/drm/amd/display/dc/dc_types.h          |    3 +-
 drivers/gpu/drm/amd/display/dc/dce/dce_aux.c       |   19 +
 drivers/gpu/drm/amd/display/dc/dce/dce_aux.h       |    3 +
 drivers/gpu/drm/amd/display/dc/dce/dmub_abm.c      |   30 +
 .../gpu/drm/amd/display/dc/dcn10/dcn10_dpp_dscl.c  |    9 +-
 .../drm/amd/display/dc/dcn10/dcn10_hw_sequencer.c  |  155 +-
 .../drm/amd/display/dc/dcn10/dcn10_hw_sequencer.h  |    5 -
 drivers/gpu/drm/amd/display/dc/dcn10/dcn10_init.c  |    4 +-
 .../gpu/drm/amd/display/dc/dcn20/dcn20_dpp_cm.c    |    4 +-
 drivers/gpu/drm/amd/display/dc/dcn20/dcn20_hwseq.c |    6 +-
 .../gpu/drm/amd/display/dc/dcn20/dcn20_resource.c  |    2 +-
 drivers/gpu/drm/amd/display/dc/dcn21/dcn21_hwseq.c |    2 +-
 .../gpu/drm/amd/display/dc/dcn21/dcn21_resource.c  |   33 +-
 .../display/dc/dcn30/dcn30_dio_stream_encoder.h    |    4 +
 drivers/gpu/drm/amd/display/dc/dcn30/dcn30_mpc.c   |    2 +-
 drivers/gpu/drm/amd/display/dc/dcn30/dcn30_optc.c  |    2 +-
 .../gpu/drm/amd/display/dc/dcn30/dcn30_resource.c  |    2 +-
 drivers/gpu/drm/amd/display/dc/dm_helpers.h        |    9 +-
 .../amd/display/dc/dml/dcn20/display_mode_vba_20.c |   26 +-
 .../display/dc/dml/dcn20/display_mode_vba_20v2.c   |   26 +-
 .../amd/display/dc/dml/dcn21/display_mode_vba_21.c |   58 +-
 .../amd/display/dc/dml/dcn30/display_mode_vba_30.c |   48 +-
 .../gpu/drm/amd/display/dc/dml/display_mode_vba.c  |    2 +-
 .../gpu/drm/amd/display/dc/dml/display_mode_vba.h  |   14 +-
 drivers/gpu/drm/amd/display/dc/dsc/dc_dsc.c        |  128 +-
 drivers/gpu/drm/amd/display/dc/dsc/rc_calc.c       |   43 -
 drivers/gpu/drm/amd/display/dc/dsc/rc_calc.h       |    2 -
 drivers/gpu/drm/amd/display/dc/inc/dc_link_dp.h    |   12 +-
 drivers/gpu/drm/amd/display/dc/inc/hw/dsc.h        |    1 +
 drivers/gpu/drm/amd/display/dc/inc/link_enc_cfg.h  |    7 +-
 .../amd/display/dc/irq/dcn21/irq_service_dcn21.c   |   18 +-
 drivers/gpu/drm/amd/display/dc/irq_types.h         |    2 +-
 drivers/gpu/drm/amd/display/dmub/dmub_srv.h        |   37 +-
 drivers/gpu/drm/amd/display/dmub/inc/dmub_cmd.h    |  207 +-
 drivers/gpu/drm/amd/display/dmub/src/dmub_dcn20.c  |    2 +-
 drivers/gpu/drm/amd/display/dmub/src/dmub_dcn20.h  |    2 +-
 drivers/gpu/drm/amd/display/dmub/src/dmub_srv.c    |    4 +
 .../drm/amd/display/include/link_service_types.h   |    8 +
 drivers/gpu/drm/amd/display/modules/hdcp/hdcp.c    |    1 -
 .../drm/amd/display/modules/hdcp/hdcp1_execution.c |    5 +
 .../drm/amd/display/modules/hdcp/hdcp2_execution.c |    5 +
 .../drm/amd/include/asic_reg/df/df_3_6_sh_mask.h   |    1 +
 drivers/gpu/drm/amd/include/atomfirmware.h         |   16 +-
 drivers/gpu/drm/amd/include/kgd_pp_interface.h     |   63 +
 drivers/gpu/drm/amd/pm/amdgpu_pm.c                 |   66 +-
 drivers/gpu/drm/amd/pm/inc/smu_types.h             |    2 +-
 drivers/gpu/drm/amd/pm/inc/smu_v11_5_ppsmc.h       |    2 +-
 drivers/gpu/drm/amd/pm/powerplay/amd_powerplay.c   |   21 +
 .../gpu/drm/amd/pm/powerplay/hwmgr/ppatomctrl.c    |    8 +-
 .../gpu/drm/amd/pm/powerplay/hwmgr/vega20_baco.c   |    2 +-
 drivers/gpu/drm/amd/pm/powerplay/si_dpm.c          |  174 +-
 drivers/gpu/drm/amd/pm/powerplay/sislands_smc.h    |   34 +-
 drivers/gpu/drm/amd/pm/swsmu/amdgpu_smu.c          |   21 +
 drivers/gpu/drm/amd/pm/swsmu/smu11/smu_v11_0.c     |    3 +-
 drivers/gpu/drm/amd/pm/swsmu/smu11/vangogh_ppt.c   |    4 +-
 drivers/gpu/drm/amd/pm/swsmu/smu11/vangogh_ppt.h   |    1 -
 drivers/gpu/drm/amd/pm/swsmu/smu13/aldebaran_ppt.c |   17 +-
 drivers/gpu/drm/amd/pm/swsmu/smu_cmn.c             |    7 +-
 drivers/gpu/drm/radeon/ni_dpm.c                    |  144 +-
 drivers/gpu/drm/radeon/nislands_smc.h              |   34 +-
 drivers/gpu/drm/radeon/radeon.h                    |    3 +
 drivers/gpu/drm/radeon/radeon_audio.c              |   92 +
 drivers/gpu/drm/radeon/radeon_device.c             |    3 +-
 drivers/gpu/drm/radeon/si_dpm.c                    |  174 +-
 drivers/gpu/drm/radeon/sislands_smc.h              |   34 +-
 drivers/usb/host/xhci-pci.c                        |    3 +
 include/uapi/drm/amdgpu_drm.h                      |   17 +-
 include/uapi/linux/kfd_ioctl.h                     |  171 +-
 173 files changed, 9527 insertions(+), 1864 deletions(-)
 create mode 100644 drivers/gpu/drm/amd/amdgpu/amdgpu_hdp.c
 create mode 100644 drivers/gpu/drm/amd/amdkfd/kfd_migrate.c
 create mode 100644 drivers/gpu/drm/amd/amdkfd/kfd_migrate.h
 create mode 100644 drivers/gpu/drm/amd/amdkfd/kfd_pm4_headers_aldebaran.h
 create mode 100644 drivers/gpu/drm/amd/amdkfd/kfd_svm.c
 create mode 100644 drivers/gpu/drm/amd/amdkfd/kfd_svm.h
Merging drm-intel/for-linux-next (c7b397e9ca4d Merge tag 'gvt-next-fixes-2021-04-29' of https://github.com/intel/gvt-linux into drm-intel-next-fixes)
$ git merge drm-intel/for-linux-next
Already up to date.
Merging drm-tegra/drm/tegra/for-next (c79184a9c029 drm/tegra: Fix shift overflow in tegra_shared_plane_atomic_update)
$ git merge drm-tegra/drm/tegra/for-next
Merge made by the 'recursive' strategy.
 drivers/gpu/drm/tegra/hub.c |  2 +-
 drivers/gpu/drm/tegra/sor.c | 41 +++++++++++++++++++++++------------------
 drivers/gpu/host1x/bus.c    | 30 ++++++++++++++++++++++++------
 include/linux/host1x.h      | 30 ++++++++++++++++++++++++------
 4 files changed, 72 insertions(+), 31 deletions(-)
Merging drm-msm/msm-next (f2f46b878777 drm/msm/dp: initialize audio_comp when audio starts)
$ git merge drm-msm/msm-next
Merge made by the 'recursive' strategy.
 drivers/gpu/drm/msm/adreno/a6xx_gpu.c           |  9 +++++----
 drivers/gpu/drm/msm/dp/dp_audio.c               |  1 +
 drivers/gpu/drm/msm/dp/dp_display.c             | 26 ++++++++++++++++---------
 drivers/gpu/drm/msm/dp/dp_display.h             |  1 +
 drivers/gpu/drm/msm/dsi/phy/dsi_phy.c           |  2 +-
 drivers/gpu/drm/msm/dsi/phy/dsi_phy_28nm_8960.c |  4 ++++
 drivers/gpu/drm/msm/msm_drv.c                   |  2 +-
 drivers/gpu/drm/msm/msm_gem.c                   | 16 ++++++++++++++-
 drivers/gpu/drm/msm/msm_gem.h                   |  4 ++--
 9 files changed, 47 insertions(+), 18 deletions(-)
Merging imx-drm/imx-drm/next (fc1e985b67f9 drm/imx: ipuv3-plane: add color encoding and range properties)
$ git merge imx-drm/imx-drm/next
Merge made by the 'recursive' strategy.
 drivers/gpu/drm/imx/imx-drm-core.c |  21 ++++++-
 drivers/gpu/drm/imx/imx-ldb.c      |   5 ++
 drivers/gpu/drm/imx/ipuv3-crtc.c   |  11 +++-
 drivers/gpu/drm/imx/ipuv3-plane.c  | 115 +++++++++++++++++++++++++++++++------
 drivers/gpu/ipu-v3/ipu-dc.c        |   5 ++
 drivers/gpu/ipu-v3/ipu-di.c        |   7 +++
 drivers/gpu/ipu-v3/ipu-dp.c        |  25 +++++++-
 include/video/imx-ipu-v3.h         |   2 +
 8 files changed, 167 insertions(+), 24 deletions(-)
Merging etnaviv/etnaviv/next (4bfdd2aa67fb drm/etnaviv: rework linear window offset calculation)
$ git merge etnaviv/etnaviv/next
Auto-merging drivers/gpu/drm/etnaviv/etnaviv_gem_prime.c
Merge made by the 'recursive' strategy.
 drivers/gpu/drm/etnaviv/etnaviv_dump.c       |  8 ++--
 drivers/gpu/drm/etnaviv/etnaviv_gem_prime.c  |  3 +-
 drivers/gpu/drm/etnaviv/etnaviv_gem_submit.c | 12 ++---
 drivers/gpu/drm/etnaviv/etnaviv_gpu.c        | 68 ++++++++++++++++------------
 include/uapi/drm/etnaviv_drm.h               |  3 ++
 5 files changed, 51 insertions(+), 43 deletions(-)
Merging regmap/for-next (ccac12acc0c0 Merge remote-tracking branch 'regmap/for-5.13' into regmap-next)
$ git merge regmap/for-next
Already up to date.
Merging sound/for-next (e84749a78dc8 ALSA: usb-audio: Validate MS endpoint descriptors)
$ git merge sound/for-next
Already up to date.
Merging sound-asoc/for-next (03f2880ae8a8 Merge remote-tracking branch 'asoc/for-5.13' into asoc-linus)
$ git merge sound-asoc/for-next
Already up to date.
Merging modules/modules-next (33121347fb1c module: treat exit sections the same as init sections when !CONFIG_MODULE_UNLOAD)
$ git merge modules/modules-next
Already up to date.
Merging input/next (d12b64b9764e MAINTAINERS: repair reference in HYCON HY46XX TOUCHSCREEN SUPPORT)
$ git merge input/next
Already up to date.
Merging block/for-next (fcd2ae054338 Merge branch 'for-5.14/block' into for-next)
$ git merge block/for-next
Merge made by the 'recursive' strategy.
 Documentation/admin-guide/laptops/laptop-mode.rst | 11 ----------
 Documentation/admin-guide/sysctl/vm.rst           |  8 --------
 block/blk-core.c                                  |  9 --------
 fs/fs-writeback.c                                 | 25 -----------------------
 include/linux/writeback.h                         |  1 -
 kernel/sysctl.c                                   |  8 --------
 mm/page-writeback.c                               |  5 -----
 7 files changed, 67 deletions(-)
Merging device-mapper/for-next (7ee06ddc4038 dm snapshot: fix a crash when an origin has no snapshots)
$ git merge device-mapper/for-next
Merge made by the 'recursive' strategy.
 drivers/md/dm-snap.c | 5 ++---
 1 file changed, 2 insertions(+), 3 deletions(-)
Merging pcmcia/pcmcia-next (e9d503fef7da pcmcia: rsrc_nonstatic: Fix call-back function as reference formatting)
$ git merge pcmcia/pcmcia-next
Already up to date.
Merging mmc/next (97fce126e279 mmc: block: Issue a cache flush only when it's enabled)
$ git merge mmc/next
Already up to date.
Merging mfd/for-mfd-next (f9386c91574f mfd: intel-m10-bmc: Add support for MAX10 BMC Secure Updates)
$ git merge mfd/for-mfd-next
Already up to date.
Merging backlight/for-backlight-next (04758386757c backlight: journada720: Fix Wmisleading-indentation warning)
$ git merge backlight/for-backlight-next
Already up to date.
Merging battery/for-next (6efb943b8616 Linux 5.13-rc1)
$ git merge battery/for-next
Already up to date.
Merging regulator/for-next (4dd1c9530698 Merge remote-tracking branch 'regulator/for-5.13' into regulator-next)
$ git merge regulator/for-next
Already up to date.
Merging security/next-testing (047843bdb316 Merge branch 'landlock_lsm_v34' into next-testing)
$ git merge security/next-testing
Already up to date!
Merge made by the 'recursive' strategy.
Merging apparmor/apparmor-next (d108370c644b apparmor: fix error check)
$ git merge apparmor/apparmor-next
Auto-merging security/apparmor/policy_unpack.c
Auto-merging security/apparmor/policy.c
Auto-merging security/apparmor/lsm.c
Auto-merging security/apparmor/label.c
Auto-merging security/apparmor/include/label.h
Auto-merging security/apparmor/include/file.h
Auto-merging security/apparmor/apparmorfs.c
Merge made by the 'recursive' strategy.
 security/apparmor/apparmorfs.c     |  4 +--
 security/apparmor/include/file.h   |  2 +-
 security/apparmor/include/label.h  |  1 +
 security/apparmor/include/policy.h |  6 ++--
 security/apparmor/label.c          |  4 +--
 security/apparmor/lsm.c            | 22 +++++++-------
 security/apparmor/path.c           |  2 +-
 security/apparmor/policy.c         | 59 ++++++++++++++++++++++++++++++++------
 security/apparmor/policy_unpack.c  |  2 +-
 9 files changed, 73 insertions(+), 29 deletions(-)
Merging integrity/next-integrity (781a57394899 ima: ensure IMA_APPRAISE_MODSIG has necessary dependencies)
$ git merge integrity/next-integrity
Already up to date.
Merging keys/keys-next (e377c31f788f integrity: Load mokx variables into the blacklist keyring)
$ git merge keys/keys-next
Auto-merging scripts/Makefile
Auto-merging include/keys/system_keyring.h
Auto-merging certs/system_keyring.c
CONFLICT (content): Merge conflict in certs/system_keyring.c
Auto-merging certs/Makefile
Auto-merging certs/Kconfig
Resolved 'certs/system_keyring.c' using previous resolution.
Automatic merge failed; fix conflicts and then commit the result.
$ git commit --no-edit -v -a
[master 72c369192931] Merge remote-tracking branch 'keys/keys-next'
$ git diff -M --stat --summary HEAD^..
Merging safesetid/safesetid-next (1ca86ac1ec8d LSM: SafeSetID: Fix code specification by scripts/checkpatch.pl)
$ git merge safesetid/safesetid-next
Already up to date.
Merging selinux/next (e4c82eafb609 selinux: add proper NULL termination to the secclass_map permissions)
$ git merge selinux/next
Already up to date.
Merging smack/next (7ef4c19d245f smackfs: restrict bytes count in smackfs write functions)
$ git merge smack/next
Already up to date.
Merging tomoyo/master (6efb943b8616 Linux 5.13-rc1)
$ git merge tomoyo/master
Already up to date.
Merging tpmdd/next (9ccce092fc64 Merge tag 'for-linus-5.13-ofs-1' of git://git.kernel.org/pub/scm/linux/kernel/git/hubcap/linux)
$ git merge tpmdd/next
Already up to date.
Merging watchdog/master (bf05bf16c76b Linux 5.12-rc8)
$ git merge watchdog/master
Already up to date.
Merging iommu/next (2d471b20c55e iommu: Streamline registration interface)
$ git merge iommu/next
Already up to date.
Merging audit/next (b75d8f38bcc9 audit: drop /proc/PID/loginuid documentation Format field)
$ git merge audit/next
Already up to date.
Merging devicetree/for-next (d30e82a6461b dt-bindings: net: Convert mdio-gpio to yaml)
$ git merge devicetree/for-next
Auto-merging Documentation/devicetree/bindings/vendor-prefixes.yaml
Removing Documentation/devicetree/bindings/soc/ti/sci-pm-domain.txt
Removing Documentation/devicetree/bindings/reset/ti,sci-reset.txt
Removing Documentation/devicetree/bindings/power/renesas,sysc-rmobile.txt
Removing Documentation/devicetree/bindings/net/mdio-gpio.txt
Removing Documentation/devicetree/bindings/clock/ti,sci-clk.txt
Removing Documentation/devicetree/bindings/clock/renesas,r9a06g032-sysctrl.txt
Removing Documentation/devicetree/bindings/clock/renesas,emev2-smu.txt
Removing Documentation/devicetree/bindings/arm/keystone/ti,sci.txt
Removing Documentation/devicetree/bindings/arm/firmware/linaro,optee-tz.txt
Merge made by the 'recursive' strategy.
 .../bindings/arm/firmware/linaro,optee-tz.txt      |  31 -----
 .../bindings/arm/firmware/linaro,optee-tz.yaml     |  58 +++++++++
 .../devicetree/bindings/arm/keystone/ti,sci.txt    |  86 -------------
 .../devicetree/bindings/arm/keystone/ti,sci.yaml   | 129 +++++++++++++++++++
 .../devicetree/bindings/ata/renesas,rcar-sata.yaml |  11 ++
 .../bindings/clock/renesas,emev2-smu.txt           |  98 ---------------
 .../bindings/clock/renesas,emev2-smu.yaml          | 140 +++++++++++++++++++++
 .../bindings/clock/renesas,r9a06g032-sysctrl.txt   |  46 -------
 .../bindings/clock/renesas,r9a06g032-sysctrl.yaml  |  62 +++++++++
 .../devicetree/bindings/clock/ti,sci-clk.txt       |  36 ------
 .../devicetree/bindings/clock/ti,sci-clk.yaml      |  49 ++++++++
 .../devicetree/bindings/net/mdio-gpio.txt          |  27 ----
 .../devicetree/bindings/net/mdio-gpio.yaml         |  58 +++++++++
 .../bindings/power/renesas,sysc-rmobile.txt        | 100 ---------------
 .../bindings/power/renesas,sysc-rmobile.yaml       | 121 ++++++++++++++++++
 .../devicetree/bindings/pwm/renesas,pwm-rcar.yaml  |  13 ++
 .../devicetree/bindings/reset/ti,sci-reset.txt     |  62 ---------
 .../devicetree/bindings/reset/ti,sci-reset.yaml    |  51 ++++++++
 .../devicetree/bindings/soc/ti/sci-pm-domain.txt   |  65 ----------
 .../devicetree/bindings/soc/ti/sci-pm-domain.yaml  |  59 +++++++++
 .../devicetree/bindings/vendor-prefixes.yaml       |   2 +
 21 files changed, 753 insertions(+), 551 deletions(-)
 delete mode 100644 Documentation/devicetree/bindings/arm/firmware/linaro,optee-tz.txt
 create mode 100644 Documentation/devicetree/bindings/arm/firmware/linaro,optee-tz.yaml
 delete mode 100644 Documentation/devicetree/bindings/arm/keystone/ti,sci.txt
 create mode 100644 Documentation/devicetree/bindings/arm/keystone/ti,sci.yaml
 delete mode 100644 Documentation/devicetree/bindings/clock/renesas,emev2-smu.txt
 create mode 100644 Documentation/devicetree/bindings/clock/renesas,emev2-smu.yaml
 delete mode 100644 Documentation/devicetree/bindings/clock/renesas,r9a06g032-sysctrl.txt
 create mode 100644 Documentation/devicetree/bindings/clock/renesas,r9a06g032-sysctrl.yaml
 delete mode 100644 Documentation/devicetree/bindings/clock/ti,sci-clk.txt
 create mode 100644 Documentation/devicetree/bindings/clock/ti,sci-clk.yaml
 delete mode 100644 Documentation/devicetree/bindings/net/mdio-gpio.txt
 create mode 100644 Documentation/devicetree/bindings/net/mdio-gpio.yaml
 delete mode 100644 Documentation/devicetree/bindings/power/renesas,sysc-rmobile.txt
 create mode 100644 Documentation/devicetree/bindings/power/renesas,sysc-rmobile.yaml
 delete mode 100644 Documentation/devicetree/bindings/reset/ti,sci-reset.txt
 create mode 100644 Documentation/devicetree/bindings/reset/ti,sci-reset.yaml
 delete mode 100644 Documentation/devicetree/bindings/soc/ti/sci-pm-domain.txt
 create mode 100644 Documentation/devicetree/bindings/soc/ti/sci-pm-domain.yaml
Merging mailbox/mailbox-for-next (2335f556b3af dt-bindings: mailbox: qcom-ipcc: Add compatible for SC7280)
$ git merge mailbox/mailbox-for-next
Already up to date.
Merging spi/for-next (eb43e665d243 Merge remote-tracking branch 'spi/for-5.13' into spi-linus)
$ git merge spi/for-next
Already up to date.
Merging tip/auto-latest (6efb943b8616 Linux 5.13-rc1)
$ git merge tip/auto-latest
Already up to date.
Merging clockevents/timers/drivers/next (8120891105ba dt-bindings: timer: nuvoton,npcm7xx: Add wpcm450-timer)
$ git merge clockevents/timers/drivers/next
Already up to date.
Merging edac/edac-for-next (89f5f8fb5bf4 EDAC/thunderx: Remove irrelevant variable from error messages)
$ git merge edac/edac-for-next
Merge made by the 'recursive' strategy.
 drivers/edac/thunderx_edac.c | 4 ++--
 1 file changed, 2 insertions(+), 2 deletions(-)
Merging irqchip/irq/irqchip-next (5b44955dc198 irqchip/apple-aic: APPLE_AIC should depend on ARCH_APPLE)
$ git merge irqchip/irq/irqchip-next
Merge made by the 'recursive' strategy.
 arch/arm/mach-pxa/pxa_cplds_irqs.c | 7 ++++++-
 drivers/irqchip/Kconfig            | 2 +-
 2 files changed, 7 insertions(+), 2 deletions(-)
Merging ftrace/for-next (8c9af478c06b ftrace: Handle commands when closing set_ftrace_filter file)
$ git merge ftrace/for-next
Already up to date.
Merging rcu/rcu/next (2349a35d39e7 kvfree_rcu: Refactor kfree_rcu_monitor())
$ git merge rcu/rcu/next
Auto-merging mm/util.c
Auto-merging mm/slub.c
Auto-merging mm/slab_common.c
Auto-merging mm/slab.h
Auto-merging mm/oom_kill.c
Auto-merging lib/bitmap.c
Auto-merging lib/Kconfig.debug
Auto-merging kernel/time/timer.c
Auto-merging kernel/time/tick-sched.c
Auto-merging kernel/time/jiffies.c
Auto-merging kernel/time/clocksource.c
Auto-merging kernel/softirq.c
Auto-merging kernel/sched/cputime.c
Auto-merging kernel/sched/core.c
Auto-merging kernel/locking/lockdep.c
Auto-merging init/main.c
Auto-merging include/trace/events/rcu.h
Auto-merging include/linux/sched.h
Auto-merging include/linux/rcupdate.h
Auto-merging include/linux/clocksource.h
Auto-merging arch/x86/kernel/tsc.c
Auto-merging Documentation/admin-guide/kernel-parameters.txt
Auto-merging Documentation/admin-guide/kernel-parameters.rst
Merge made by the 'recursive' strategy.
 .../Memory-Ordering/Tree-RCU-Memory-Ordering.rst   |   6 +-
 Documentation/admin-guide/kernel-parameters.rst    |   5 +
 Documentation/admin-guide/kernel-parameters.txt    |  27 ++
 Documentation/dev-tools/kcsan.rst                  |  92 +++---
 .../litmus-tests/locking/DCL-broken.litmus         |  55 ++++
 .../litmus-tests/locking/DCL-fixed.litmus          |  56 ++++
 .../litmus-tests/locking/RM-broken.litmus          |  42 +++
 Documentation/litmus-tests/locking/RM-fixed.litmus |  42 +++
 arch/x86/kernel/tsc.c                              |   4 +-
 include/linux/clocksource.h                        |   8 +-
 include/linux/rcupdate.h                           |  84 +++---
 include/linux/rcutiny.h                            |   1 -
 include/linux/rcutree.h                            |   1 -
 include/linux/srcu.h                               |   6 +
 include/linux/srcutree.h                           |   2 -
 include/linux/timer.h                              |   2 -
 include/trace/events/rcu.h                         |   1 +
 init/main.c                                        |   2 +
 kernel/kcsan/core.c                                |  53 ++--
 kernel/kcsan/kcsan.h                               |  39 ++-
 kernel/kcsan/report.c                              | 169 +++++------
 kernel/locking/lockdep.c                           |   6 +-
 kernel/rcu/Kconfig.debug                           |   2 +-
 kernel/rcu/rcu.h                                   |  14 +-
 kernel/rcu/rcutorture.c                            | 315 ++++++++++----------
 kernel/rcu/refscale.c                              | 109 ++++++-
 kernel/rcu/srcutree.c                              |  28 +-
 kernel/rcu/sync.c                                  |   4 +-
 kernel/rcu/tasks.h                                 |  58 +++-
 kernel/rcu/tiny.c                                  |   1 -
 kernel/rcu/tree.c                                  | 311 +++++++++++---------
 kernel/rcu/tree.h                                  |  14 +-
 kernel/rcu/tree_plugin.h                           | 239 ++++++++-------
 kernel/rcu/tree_stall.h                            |  84 +++++-
 kernel/rcu/update.c                                |   8 +-
 kernel/sched/core.c                                |  24 +-
 kernel/sched/isolation.c                           |   4 +-
 kernel/time/Makefile                               |   1 +
 kernel/time/clocksource-wdtest.c                   | 202 +++++++++++++
 kernel/time/clocksource.c                          | 218 +++++++++++++-
 kernel/time/jiffies.c                              |  15 +-
 kernel/time/timer.c                                |  14 -
 lib/Kconfig.debug                                  |  12 +
 lib/bitmap.c                                       |   9 +
 lib/test_bitmap.c                                  |   7 +
 mm/oom_kill.c                                      |   2 +-
 mm/slab.h                                          |   1 +
 mm/slab_common.c                                   |  12 +-
 mm/slub.c                                          |   8 +
 mm/util.c                                          |   2 +-
 tools/memory-model/Documentation/explanation.txt   |   2 +-
 tools/memory-model/Documentation/locking.txt       | 320 +++++++++++++++++++++
 tools/memory-model/litmus-tests/.gitignore         |   2 +-
 tools/memory-model/scripts/README                  |  16 +-
 tools/memory-model/scripts/checkalllitmus.sh       |  29 +-
 tools/memory-model/scripts/checkghlitmus.sh        |  11 +-
 tools/memory-model/scripts/checklitmus.sh          |  25 +-
 tools/memory-model/scripts/checklitmushist.sh      |   2 +-
 tools/memory-model/scripts/checktheselitmus.sh     |  43 +++
 tools/memory-model/scripts/cmplitmushist.sh        |  49 +++-
 tools/memory-model/scripts/hwfnseg.sh              |  20 ++
 tools/memory-model/scripts/initlitmushist.sh       |   2 +-
 tools/memory-model/scripts/judgelitmus.sh          | 120 ++++++--
 tools/memory-model/scripts/newlitmushist.sh        |   4 +-
 tools/memory-model/scripts/parseargs.sh            |  21 +-
 tools/memory-model/scripts/runlitmus.sh            |  80 ++++++
 tools/memory-model/scripts/runlitmushist.sh        |  29 +-
 tools/memory-model/scripts/simpletest.sh           |  35 +++
 tools/rcu/rcu-cbs.py                               |  46 +++
 .../testing/selftests/rcutorture/bin/kvm-again.sh  |  33 +--
 .../testing/selftests/rcutorture/bin/kvm-build.sh  |   6 +-
 .../selftests/rcutorture/bin/kvm-end-run-stats.sh  |  40 +++
 .../selftests/rcutorture/bin/kvm-find-errors.sh    |   2 +-
 .../selftests/rcutorture/bin/kvm-recheck-rcu.sh    |   2 +-
 .../testing/selftests/rcutorture/bin/kvm-remote.sh | 249 ++++++++++++++++
 tools/testing/selftests/rcutorture/bin/kvm.sh      |  61 ++--
 tools/testing/selftests/rcutorture/bin/torture.sh  |   2 +-
 .../selftests/rcutorture/configs/rcu/BUSTED-BOOST  |  17 ++
 .../rcutorture/configs/rcu/BUSTED-BOOST.boot       |   8 +
 .../selftests/rcutorture/configs/rcuscale/TREE     |   2 +-
 .../selftests/rcutorture/configs/rcuscale/TREE54   |   2 +-
 .../rcutorture/configs/refscale/NOPREEMPT          |   2 +-
 .../selftests/rcutorture/configs/refscale/PREEMPT  |   2 +-
 .../rcutorture/formal/srcu-cbmc/src/locks.h        |   2 +-
 84 files changed, 2833 insertions(+), 874 deletions(-)
 create mode 100644 Documentation/litmus-tests/locking/DCL-broken.litmus
 create mode 100644 Documentation/litmus-tests/locking/DCL-fixed.litmus
 create mode 100644 Documentation/litmus-tests/locking/RM-broken.litmus
 create mode 100644 Documentation/litmus-tests/locking/RM-fixed.litmus
 create mode 100644 kernel/time/clocksource-wdtest.c
 create mode 100644 tools/memory-model/Documentation/locking.txt
 create mode 100755 tools/memory-model/scripts/checktheselitmus.sh
 create mode 100755 tools/memory-model/scripts/hwfnseg.sh
 create mode 100755 tools/memory-model/scripts/runlitmus.sh
 create mode 100755 tools/memory-model/scripts/simpletest.sh
 create mode 100644 tools/rcu/rcu-cbs.py
 create mode 100755 tools/testing/selftests/rcutorture/bin/kvm-end-run-stats.sh
 create mode 100755 tools/testing/selftests/rcutorture/bin/kvm-remote.sh
 create mode 100644 tools/testing/selftests/rcutorture/configs/rcu/BUSTED-BOOST
 create mode 100644 tools/testing/selftests/rcutorture/configs/rcu/BUSTED-BOOST.boot
Merging kvm/next (ce7ea0cfdc2e KVM: SVM: Move GHCB unmapping to fix RCU warning)
$ git merge kvm/next
Already up to date.
Merging kvm-arm/next (9a8aae605b80 Merge branch 'kvm-arm64/kill_oprofile_dependency' into kvmarm-master/next)
$ git merge kvm-arm/next
Already up to date.
Merging kvm-ppc/kvm-ppc-next (72476aaa4691 KVM: PPC: Book3S HV: Fix host radix SLB optimisation with hash guests)
$ git merge kvm-ppc/kvm-ppc-next
Already up to date.
Merging kvms390/next (44bada282190 KVM: s390: fix guarded storage control register handling)
$ git merge kvms390/next
Already up to date.
Merging xen-tip/linux-next (dbc03e81586f xen/unpopulated-alloc: fix error return code in fill_list())
$ git merge xen-tip/linux-next
Merge made by the 'recursive' strategy.
 drivers/xen/gntdev.c            | 4 +++-
 drivers/xen/unpopulated-alloc.c | 4 +++-
 2 files changed, 6 insertions(+), 2 deletions(-)
Merging percpu/for-next (0aabad0a0456 Merge branch 'for-5.14' into for-next)
$ git merge percpu/for-next
Merge made by the 'recursive' strategy.
 mm/percpu-internal.h |   4 +
 mm/percpu-km.c       |   5 +
 mm/percpu-stats.c    |  12 ++-
 mm/percpu-vm.c       |  30 ++++++
 mm/percpu.c          | 261 +++++++++++++++++++++++++++++++++++++++++++--------
 5 files changed, 268 insertions(+), 44 deletions(-)
Merging workqueues/for-next (89e28ce60cb6 workqueue/watchdog: Make unbound workqueues aware of touch_softlockup_watchdog() 84;0;0c84;0;0c There are two workqueue-specific watchdog timestamps:)
$ git merge workqueues/for-next
Already up to date.
Merging drivers-x86/for-next (e7882cd7aebe platform/x86: gigabyte-wmi: add support for B550M AORUS PRO-P)
$ git merge drivers-x86/for-next
Already up to date.
Merging chrome-platform/for-next (d61b3f9b91be platform/chrome: cros_ec_lpc: Use DEFINE_MUTEX() for mutex lock)
$ git merge chrome-platform/for-next
Already up to date.
Merging hsi/for-next (6efb943b8616 Linux 5.13-rc1)
$ git merge hsi/for-next
Already up to date.
Merging leds/for-next (ee522bcf026e leds: tlc591xx: fix return value check in tlc591xx_probe())
$ git merge leds/for-next
Merge made by the 'recursive' strategy.
 drivers/leds/leds-tlc591xx.c | 8 ++++++--
 1 file changed, 6 insertions(+), 2 deletions(-)
Merging ipmi/for-next (d72cd4ad4174 Merge tag 'scsi-misc' of git://git.kernel.org/pub/scm/linux/kernel/git/jejb/scsi)
$ git merge ipmi/for-next
Already up to date.
Merging driver-core/driver-core-next (6efb943b8616 Linux 5.13-rc1)
$ git merge driver-core/driver-core-next
Already up to date.
Merging usb/usb-next (f91e5d097f12 usb: gadget: fsl_qe_udc: fix implicit-fallthrough warnings)
$ git merge usb/usb-next
Merge made by the 'recursive' strategy.
 drivers/usb/dwc3/drd.c                     | 1 -
 drivers/usb/gadget/function/f_hid.c        | 2 +-
 drivers/usb/gadget/function/u_hid.h        | 4 ++--
 drivers/usb/gadget/function/u_midi.h       | 4 ++--
 drivers/usb/gadget/function/uvc_configfs.c | 5 -----
 drivers/usb/gadget/udc/fsl_qe_udc.c        | 5 +++++
 drivers/usb/phy/phy-isp1301-omap.c         | 2 +-
 7 files changed, 11 insertions(+), 12 deletions(-)
Merging usb-gadget/next (e49d033bddf5 Linux 5.12-rc6)
$ git merge usb-gadget/next
Already up to date.
Merging usb-serial/usb-next (6efb943b8616 Linux 5.13-rc1)
$ git merge usb-serial/usb-next
Already up to date.
Merging usb-chipidea-next/for-usb-next (b85a512e023c usb: cdnsp: Useless condition has been removed)
$ git merge usb-chipidea-next/for-usb-next
Auto-merging drivers/usb/cdns3/cdns3-gadget.c
Merge made by the 'recursive' strategy.
 drivers/usb/cdns3/cdns3-gadget.c | 2 +-
 drivers/usb/cdns3/cdnsp-mem.c    | 5 ++---
 2 files changed, 3 insertions(+), 4 deletions(-)
Merging tty/tty-next (6efb943b8616 Linux 5.13-rc1)
$ git merge tty/tty-next
Already up to date.
Merging char-misc/char-misc-next (6efb943b8616 Linux 5.13-rc1)
$ git merge char-misc/char-misc-next
Already up to date.
Merging extcon/extcon-next (7b1222b224af extcon: qcom-spmi: Add support for VBUS detection)
$ git merge extcon/extcon-next
Already up to date.
Merging phy-next/next (6efb943b8616 Linux 5.13-rc1)
$ git merge phy-next/next
Already up to date.
Merging soundwire/next (6efb943b8616 Linux 5.13-rc1)
$ git merge soundwire/next
Already up to date.
Merging thunderbolt/next (6efb943b8616 Linux 5.13-rc1)
$ git merge thunderbolt/next
Already up to date.
Merging vfio/next (adaeb718d46f vfio/gvt: fix DRM_I915_GVT dependency on VFIO_MDEV)
$ git merge vfio/next
Already up to date.
Merging staging/staging-next (706321a53857 staging: rtl8188eu: remove padapter from struct mlme_ext_priv)
$ git merge staging/staging-next
Auto-merging drivers/staging/rtl8723bs/os_dep/ioctl_linux.c
Auto-merging drivers/staging/rtl8723bs/os_dep/ioctl_cfg80211.c
Removing drivers/staging/rtl8723bs/hal/odm_debug.h
Removing drivers/staging/rtl8723bs/hal/odm_debug.c
Removing drivers/staging/rtl8723bs/hal/odm_PathDiv.h
Removing drivers/staging/rtl8723bs/hal/odm_PathDiv.c
Merge made by the 'recursive' strategy.
 drivers/staging/android/ashmem.c                   |   1 +
 drivers/staging/axis-fifo/axis-fifo.c              |  18 +-
 drivers/staging/fbtft/TODO                         |   5 -
 drivers/staging/fbtft/fb_agm1264k-fl.c             |  30 +-
 drivers/staging/fbtft/fb_bd663474.c                |   4 -
 drivers/staging/fbtft/fb_hx8347d.c                 |  29 +-
 drivers/staging/fbtft/fb_ili9163.c                 |   4 -
 drivers/staging/fbtft/fb_ili9320.c                 |   4 +-
 drivers/staging/fbtft/fb_ili9325.c                 |   4 -
 drivers/staging/fbtft/fb_ili9340.c                 |   1 -
 drivers/staging/fbtft/fb_s6d1121.c                 |   4 -
 drivers/staging/fbtft/fb_sh1106.c                  |   1 -
 drivers/staging/fbtft/fb_ssd1289.c                 |   4 -
 drivers/staging/fbtft/fb_ssd1325.c                 |   2 -
 drivers/staging/fbtft/fb_ssd1331.c                 |   6 +-
 drivers/staging/fbtft/fb_ssd1351.c                 |   1 -
 drivers/staging/fbtft/fb_upd161704.c               |   4 -
 drivers/staging/fbtft/fb_watterott.c               |   1 -
 drivers/staging/fbtft/fbtft-bus.c                  |   3 +-
 drivers/staging/fbtft/fbtft-core.c                 |  25 +-
 drivers/staging/fbtft/fbtft-io.c                   |  12 +-
 drivers/staging/fieldbus/anybuss/anybuss-client.h  |   2 +-
 drivers/staging/fieldbus/anybuss/hms-profinet.c    |   3 +-
 drivers/staging/fieldbus/anybuss/host.c            |   8 +-
 drivers/staging/fwserial/fwserial.c                |  46 +-
 drivers/staging/iio/frequency/ad9834.c             |   5 +-
 drivers/staging/ks7010/ks_hostif.c                 |  14 +-
 drivers/staging/most/dim2/dim2.c                   |  23 +-
 drivers/staging/most/dim2/hal.c                    |  10 +-
 drivers/staging/most/i2c/i2c.c                     |  12 +-
 drivers/staging/most/net/net.c                     |   6 +-
 drivers/staging/mt7621-dts/mt7621.dtsi             |  47 +-
 drivers/staging/mt7621-pci/pci-mt7621.c            | 154 +-----
 drivers/staging/nvec/nvec.c                        |   7 +-
 drivers/staging/octeon/ethernet-tx.c               |   1 -
 drivers/staging/qlge/qlge_main.c                   |   4 +-
 drivers/staging/rtl8188eu/core/rtw_ap.c            |  50 +-
 drivers/staging/rtl8188eu/core/rtw_cmd.c           |  13 +-
 drivers/staging/rtl8188eu/core/rtw_ieee80211.c     |   2 +-
 drivers/staging/rtl8188eu/core/rtw_ioctl_set.c     |  10 +-
 drivers/staging/rtl8188eu/core/rtw_mlme.c          |  34 +-
 drivers/staging/rtl8188eu/core/rtw_mlme_ext.c      | 109 ++--
 drivers/staging/rtl8188eu/core/rtw_recv.c          |   8 +-
 drivers/staging/rtl8188eu/core/rtw_security.c      |  10 +-
 drivers/staging/rtl8188eu/core/rtw_sta_mgt.c       |  28 +-
 drivers/staging/rtl8188eu/core/rtw_wlan_util.c     |   2 +-
 drivers/staging/rtl8188eu/core/rtw_xmit.c          |  52 +-
 drivers/staging/rtl8188eu/hal/rtl8188e_cmd.c       |  10 +-
 drivers/staging/rtl8188eu/hal/rtl8188e_rxdesc.c    |   2 +-
 drivers/staging/rtl8188eu/hal/rtl8188eu_xmit.c     |   8 +-
 drivers/staging/rtl8188eu/include/rtw_android.h    |   1 -
 drivers/staging/rtl8188eu/include/rtw_cmd.h        |   3 +-
 drivers/staging/rtl8188eu/include/rtw_mlme_ext.h   |   1 -
 drivers/staging/rtl8188eu/include/wifi.h           |  36 --
 drivers/staging/rtl8188eu/os_dep/ioctl_linux.c     |  38 +-
 drivers/staging/rtl8188eu/os_dep/mon.c             |   6 +-
 drivers/staging/rtl8188eu/os_dep/os_intfs.c        |  11 +-
 drivers/staging/rtl8188eu/os_dep/rtw_android.c     |   2 +-
 drivers/staging/rtl8188eu/os_dep/xmit_linux.c      |   8 +-
 drivers/staging/rtl8192e/rtl819x_HTProc.c          |  10 +-
 drivers/staging/rtl8192e/rtllib_softmac.c          |   1 -
 drivers/staging/rtl8192e/rtllib_wx.c               |   4 -
 .../staging/rtl8192u/ieee80211/ieee80211_softmac.c |  25 +-
 drivers/staging/rtl8192u/r8192U_core.c             |  11 +-
 drivers/staging/rtl8192u/r819xU_cmdpkt.c           |  41 --
 drivers/staging/rtl8192u/r819xU_phy.c              |  48 +-
 drivers/staging/rtl8712/rtl8712_recv.c             |   5 +-
 drivers/staging/rtl8712/rtl871x_mlme.c             |   6 +-
 drivers/staging/rtl8712/rtl871x_mp_ioctl.c         |  29 +-
 drivers/staging/rtl8712/rtl871x_mp_ioctl.h         | 127 -----
 drivers/staging/rtl8712/rtl871x_recv.c             |   2 +-
 drivers/staging/rtl8712/rtl871x_security.c         |  12 +-
 drivers/staging/rtl8723bs/Makefile                 |   2 -
 drivers/staging/rtl8723bs/core/rtw_ap.c            |  63 +--
 drivers/staging/rtl8723bs/core/rtw_cmd.c           |   4 +-
 drivers/staging/rtl8723bs/core/rtw_debug.c         |  74 ++-
 drivers/staging/rtl8723bs/core/rtw_eeprom.c        |   2 -
 drivers/staging/rtl8723bs/core/rtw_efuse.c         |   3 -
 drivers/staging/rtl8723bs/core/rtw_ieee80211.c     |   6 +-
 drivers/staging/rtl8723bs/core/rtw_io.c            |   2 -
 drivers/staging/rtl8723bs/core/rtw_mlme.c          |  91 +---
 drivers/staging/rtl8723bs/core/rtw_mlme_ext.c      |  68 ++-
 drivers/staging/rtl8723bs/core/rtw_pwrctrl.c       |   2 -
 drivers/staging/rtl8723bs/core/rtw_recv.c          |  26 +-
 drivers/staging/rtl8723bs/core/rtw_security.c      | 330 +----------
 drivers/staging/rtl8723bs/core/rtw_sta_mgt.c       |  41 +-
 drivers/staging/rtl8723bs/core/rtw_wlan_util.c     |   4 +-
 drivers/staging/rtl8723bs/core/rtw_xmit.c          |  45 +-
 drivers/staging/rtl8723bs/hal/HalBtc8723b1Ant.c    | 604 +--------------------
 drivers/staging/rtl8723bs/hal/HalBtc8723b2Ant.c    | 502 +----------------
 drivers/staging/rtl8723bs/hal/HalBtcOutSrc.h       |  67 ---
 drivers/staging/rtl8723bs/hal/HalHWImg8723B_BB.c   |  62 ---
 drivers/staging/rtl8723bs/hal/HalHWImg8723B_MAC.c  |  49 --
 drivers/staging/rtl8723bs/hal/HalHWImg8723B_RF.c   |  63 ---
 drivers/staging/rtl8723bs/hal/HalPhyRf.c           | 332 -----------
 drivers/staging/rtl8723bs/hal/HalPhyRf_8723B.c     | 177 +-----
 drivers/staging/rtl8723bs/hal/hal_btcoex.c         | 171 ------
 drivers/staging/rtl8723bs/hal/hal_com.c            |  20 -
 drivers/staging/rtl8723bs/hal/hal_intf.c           |   3 -
 drivers/staging/rtl8723bs/hal/odm.c                |  53 +-
 drivers/staging/rtl8723bs/hal/odm.h                |   4 -
 drivers/staging/rtl8723bs/hal/odm_CfoTracking.c    | 107 ----
 drivers/staging/rtl8723bs/hal/odm_DIG.c            | 320 -----------
 drivers/staging/rtl8723bs/hal/odm_EdcaTurboCheck.c |  18 -
 drivers/staging/rtl8723bs/hal/odm_HWConfig.c       |  38 --
 drivers/staging/rtl8723bs/hal/odm_NoiseMonitor.c   |  36 +-
 drivers/staging/rtl8723bs/hal/odm_PathDiv.c        |  34 --
 drivers/staging/rtl8723bs/hal/odm_PathDiv.h        |  21 -
 drivers/staging/rtl8723bs/hal/odm_RTL8723B.c       |   1 -
 drivers/staging/rtl8723bs/hal/odm_RegConfig8723B.c |  66 ---
 drivers/staging/rtl8723bs/hal/odm_debug.c          |  44 --
 drivers/staging/rtl8723bs/hal/odm_debug.h          | 165 ------
 drivers/staging/rtl8723bs/hal/odm_precomp.h        |   2 -
 drivers/staging/rtl8723bs/hal/rtl8723b_cmd.c       |  18 -
 drivers/staging/rtl8723bs/hal/rtl8723b_hal_init.c  |  11 -
 drivers/staging/rtl8723bs/hal/rtl8723b_phycfg.c    |  10 +-
 drivers/staging/rtl8723bs/hal/rtl8723bs_xmit.c     |   7 +-
 drivers/staging/rtl8723bs/hal/sdio_halinit.c       |  15 +-
 drivers/staging/rtl8723bs/hal/sdio_ops.c           |   9 +-
 drivers/staging/rtl8723bs/include/hal_btcoex.h     |   2 -
 drivers/staging/rtl8723bs/include/osdep_intf.h     |   2 +-
 drivers/staging/rtl8723bs/include/rtw_ap.h         |   2 +-
 drivers/staging/rtl8723bs/include/rtw_debug.h      | 170 +-----
 drivers/staging/rtl8723bs/include/rtw_mlme_ext.h   |  32 --
 drivers/staging/rtl8723bs/os_dep/ioctl_cfg80211.c  |  21 +-
 drivers/staging/rtl8723bs/os_dep/ioctl_linux.c     |  53 +-
 drivers/staging/rtl8723bs/os_dep/mlme_linux.c      |   4 -
 drivers/staging/rtl8723bs/os_dep/os_intfs.c        |   7 +-
 drivers/staging/rtl8723bs/os_dep/osdep_service.c   |   4 -
 drivers/staging/rtl8723bs/os_dep/recv_linux.c      |   2 -
 drivers/staging/rtl8723bs/os_dep/sdio_intf.c       |   6 +-
 drivers/staging/rtl8723bs/os_dep/xmit_linux.c      |  10 +-
 drivers/staging/sm750fb/sm750_accel.c              |   4 +-
 .../interface/vchiq_arm/vchiq_2835_arm.c           |  23 +-
 .../vc04_services/interface/vchiq_arm/vchiq_arm.c  |  75 +--
 .../vc04_services/interface/vchiq_arm/vchiq_arm.h  |   2 +-
 .../vc04_services/interface/vchiq_arm/vchiq_core.c | 191 +++----
 .../vc04_services/interface/vchiq_arm/vchiq_core.h |  12 +-
 drivers/staging/vt6655/upc.h                       |   2 +-
 drivers/staging/wlan-ng/cfg80211.c                 |  30 +-
 drivers/staging/wlan-ng/p80211ioctl.h              |   2 +-
 drivers/staging/wlan-ng/p80211netdev.c             |   6 +-
 142 files changed, 829 insertions(+), 4895 deletions(-)
 delete mode 100644 drivers/staging/rtl8723bs/hal/odm_PathDiv.c
 delete mode 100644 drivers/staging/rtl8723bs/hal/odm_PathDiv.h
 delete mode 100644 drivers/staging/rtl8723bs/hal/odm_debug.c
 delete mode 100644 drivers/staging/rtl8723bs/hal/odm_debug.h
Merging iio/togreg (6efb943b8616 Linux 5.13-rc1)
$ git merge iio/togreg
Already up to date.
Merging mux/for-next (3516bd729358 Merge tag 's390-5.11-3' of git://git.kernel.org/pub/scm/linux/kernel/git/s390/linux)
$ git merge mux/for-next
Already up to date.
Merging icc/icc-next (c1de07884f2b Merge branch 'icc-sm8350' into icc-next)
$ git merge icc/icc-next
Already up to date.
Merging dmaengine/next (6f64aa5746d2 dt-bindings: dma: convert arm-pl08x to yaml)
$ git merge dmaengine/next
Auto-merging drivers/dma/idxd/init.c
Removing Documentation/devicetree/bindings/dma/arm-pl08x.txt
Merge made by the 'recursive' strategy.
 .../devicetree/bindings/dma/arm-pl08x.txt          |  59 ---------
 .../devicetree/bindings/dma/arm-pl08x.yaml         | 136 +++++++++++++++++++++
 drivers/dma/fsl-qdma.c                             |   6 +-
 drivers/dma/idxd/cdev.c                            |   2 -
 drivers/dma/idxd/init.c                            |   3 +-
 5 files changed, 143 insertions(+), 63 deletions(-)
 delete mode 100644 Documentation/devicetree/bindings/dma/arm-pl08x.txt
 create mode 100644 Documentation/devicetree/bindings/dma/arm-pl08x.yaml
Merging cgroup/for-next (c740aad01e41 cgroup: inline cgroup_task_freeze())
$ git merge cgroup/for-next
Merge made by the 'recursive' strategy.
 Documentation/admin-guide/cgroup-v2.rst       |  15 ++
 include/linux/cgroup-defs.h                   |   3 +
 include/linux/cgroup.h                        |  18 --
 kernel/cgroup/cgroup.c                        | 130 +++++++++--
 tools/testing/selftests/cgroup/.gitignore     |   3 +-
 tools/testing/selftests/cgroup/Makefile       |   2 +
 tools/testing/selftests/cgroup/cgroup_util.c  |  51 +++++
 tools/testing/selftests/cgroup/cgroup_util.h  |   2 +
 tools/testing/selftests/cgroup/test_freezer.c |  57 -----
 tools/testing/selftests/cgroup/test_kill.c    | 297 ++++++++++++++++++++++++++
 10 files changed, 487 insertions(+), 91 deletions(-)
 create mode 100644 tools/testing/selftests/cgroup/test_kill.c
$ git reset --hard HEAD^
HEAD is now at 7ee9c225e03a Merge remote-tracking branch 'dmaengine/next'
Merging next-20210510 version of cgroup
$ git merge -m next-20210510/cgroup ffeee417d97f9171bce9f43c22c9f477e4c84f54
Already up to date.
Merging scsi/for-next (3c58f1e2d015 Merge branch 'misc' into for-next)
$ git merge scsi/for-next
Merge made by the 'recursive' strategy.
 drivers/target/iscsi/iscsi_target.c | 1 -
 1 file changed, 1 deletion(-)
Merging scsi-mkp/for-next (cfaad0f79d37 scsi: aacraid: Replace one-element array with flexible-array member)
$ git merge scsi-mkp/for-next
Merge made by the 'recursive' strategy.
 drivers/message/fusion/mptsas.c                | 119 +++--
 drivers/scsi/3w-9xxx.h                         |   2 +-
 drivers/scsi/aacraid/aachba.c                  |  10 +-
 drivers/scsi/aacraid/aacraid.h                 |   2 +-
 drivers/scsi/arcmsr/arcmsr.h                   |   2 +-
 drivers/scsi/arcmsr/arcmsr_hba.c               |   8 +-
 drivers/scsi/lpfc/lpfc_sli.c                   |   1 -
 drivers/scsi/megaraid/megaraid_mbox.c          |   2 -
 drivers/scsi/megaraid/megaraid_sas_base.c      |   4 +-
 drivers/scsi/mpt3sas/mpt3sas_base.c            |  99 ++--
 drivers/scsi/qla4xxx/ql4_83xx.c                |   3 +-
 drivers/scsi/ufs/cdns-pltfrm.c                 |   2 +
 drivers/scsi/ufs/tc-dwc-g210-pci.c             |   2 +
 drivers/scsi/ufs/ufs-debugfs.c                 |   6 +-
 drivers/scsi/ufs/ufs-debugfs.h                 |   2 +-
 drivers/scsi/ufs/ufs-exynos.c                  |   2 +
 drivers/scsi/ufs/ufs-hisi.c                    |   2 +
 drivers/scsi/ufs/ufs-mediatek.c                |  12 +-
 drivers/scsi/ufs/ufs-qcom.c                    |   2 +
 drivers/scsi/ufs/ufs-sysfs.c                   |  24 +-
 drivers/scsi/ufs/ufs_bsg.c                     |   6 +-
 drivers/scsi/ufs/ufshcd-pci.c                  |  36 +-
 drivers/scsi/ufs/ufshcd.c                      | 703 +++++++++++++++++--------
 drivers/scsi/ufs/ufshcd.h                      |  33 ++
 drivers/target/iscsi/iscsi_target_nego.c       |   4 +-
 drivers/target/iscsi/iscsi_target_parameters.c |   4 +-
 include/scsi/scsi.h                            |  54 +-
 include/trace/events/ufs.h                     |  20 +
 28 files changed, 744 insertions(+), 422 deletions(-)
Merging vhost/linux-next (7ff6e99e021c virtio_net: disable cb aggressively)
$ git merge vhost/linux-next
Auto-merging drivers/net/virtio_net.c
Merge made by the 'recursive' strategy.
 drivers/net/virtio_net.c     | 35 +++++++++++++++++++++++++++++------
 drivers/virtio/virtio_ring.c | 26 +++++++++++++++++++++++++-
 2 files changed, 54 insertions(+), 7 deletions(-)
Merging rpmsg/for-next (dc0e14fa833b Merge branches 'hwspinlock-next', 'rpmsg-next' and 'rproc-next' into for-next)
$ git merge rpmsg/for-next
Already up to date!
Merge made by the 'recursive' strategy.
Merging gpio/for-next (7ac554888233 MAINTAINERS: Remove reference to non-existing file)
$ git merge gpio/for-next
Already up to date.
Merging gpio-brgl/gpio/for-next (6efb943b8616 Linux 5.13-rc1)
$ git merge gpio-brgl/gpio/for-next
Already up to date.
Merging gpio-intel/for-next (6efb943b8616 Linux 5.13-rc1)
$ git merge gpio-intel/for-next
Already up to date.
Merging pinctrl/for-next (835109266494 Merge branch 'devel' into for-next)
$ git merge pinctrl/for-next
Already up to date!
Merge made by the 'recursive' strategy.
Merging pinctrl-intel/for-next (6efb943b8616 Linux 5.13-rc1)
$ git merge pinctrl-intel/for-next
Already up to date.
Merging pinctrl-renesas/renesas-pinctrl (61232cd6efca pinctrl: renesas: r8a7791: Add bias pinconf support)
$ git merge pinctrl-renesas/renesas-pinctrl
Already up to date.
Merging pinctrl-samsung/for-next (6efb943b8616 Linux 5.13-rc1)
$ git merge pinctrl-samsung/for-next
Already up to date.
Merging pwm/for-next (a6efb35019d0 pwm: Reword docs about pwm_apply_state())
$ git merge pwm/for-next
Already up to date.
Merging userns/for-next (ef566ba2d7d9 signal: Remove the last few si_perf references)
$ git merge userns/for-next
Auto-merging kernel/signal.c
Auto-merging kernel/events/core.c
Auto-merging include/uapi/linux/perf_event.h
Auto-merging include/linux/signal.h
Auto-merging include/linux/compat.h
Merge made by the 'recursive' strategy.
 arch/alpha/include/uapi/asm/siginfo.h              |   2 -
 arch/alpha/kernel/osf_sys.c                        |   2 +-
 arch/alpha/kernel/signal.c                         |   4 +-
 arch/alpha/kernel/traps.c                          |  24 ++---
 arch/alpha/mm/fault.c                              |   4 +-
 arch/arm/kernel/signal.c                           |  39 +++++++
 arch/arm64/kernel/signal.c                         |  39 +++++++
 arch/arm64/kernel/signal32.c                       |  39 +++++++
 arch/m68k/kernel/signal.c                          |   3 +-
 arch/mips/include/uapi/asm/siginfo.h               |   2 -
 arch/sparc/include/uapi/asm/siginfo.h              |   3 -
 arch/sparc/kernel/process_64.c                     |   2 +-
 arch/sparc/kernel/signal32.c                       |  37 +++++++
 arch/sparc/kernel/signal_64.c                      |  36 +++++++
 arch/sparc/kernel/sys_sparc_32.c                   |   2 +-
 arch/sparc/kernel/sys_sparc_64.c                   |   2 +-
 arch/sparc/kernel/traps_32.c                       |  22 ++--
 arch/sparc/kernel/traps_64.c                       |  44 ++++----
 arch/sparc/kernel/unaligned_32.c                   |   2 +-
 arch/sparc/mm/fault_32.c                           |   2 +-
 arch/sparc/mm/fault_64.c                           |   2 +-
 arch/x86/kernel/signal_compat.c                    |  15 ++-
 fs/signalfd.c                                      |  23 ++---
 include/linux/compat.h                             |  10 +-
 include/linux/sched/signal.h                       |  13 +--
 include/linux/signal.h                             |   3 +-
 include/uapi/asm-generic/siginfo.h                 |  20 ++--
 include/uapi/linux/perf_event.h                    |   2 +-
 include/uapi/linux/signalfd.h                      |   4 +-
 kernel/events/core.c                               |  11 +-
 kernel/signal.c                                    | 113 +++++++++++++--------
 .../selftests/perf_events/sigtrap_threads.c        |  14 +--
 32 files changed, 377 insertions(+), 163 deletions(-)
Merging ktest/for-next (170f4869e662 ktest.pl: Fix the logic for truncating the size of the log file for email)
$ git merge ktest/for-next
Already up to date.
Merging random/dev (ab9a7e27044b random: avoid warnings for !CONFIG_NUMA builds)
$ git merge random/dev
Already up to date.
Merging kselftest/next (e75074781f17 selftests/resctrl: Change a few printed messages)
$ git merge kselftest/next
Already up to date.
Merging y2038/y2038 (c4e71212a245 Revert "drm/etnaviv: reject timeouts with tv_nsec >= NSEC_PER_SEC")
$ git merge y2038/y2038
Already up to date.
Merging livepatching/for-next (c150bbbb1731 Merge branch 'for-5.13/signal' into for-next)
$ git merge livepatching/for-next
Already up to date!
Merge made by the 'recursive' strategy.
Merging coresight/next (1efbcec2ef8c coresight: cti: Reduce scope for the variable cs_fwnode in cti_plat_create_connection())
$ git merge coresight/next
Merge made by the 'recursive' strategy.
Merging rtc/rtc-next (4d0185e67806 rtc: sysfs: check features instead of ops)
$ git merge rtc/rtc-next
Already up to date.
Merging nvdimm/libnvdimm-for-next (30c10d32152d Merge branch 'for-5.12/cxl' into libnvdimm-for-next)
$ git merge nvdimm/libnvdimm-for-next
Already up to date!
Merge made by the 'recursive' strategy.
Merging at24/at24/for-next (6efb943b8616 Linux 5.13-rc1)
$ git merge at24/at24/for-next
Already up to date.
Merging ntb/ntb-next (5c8fe583cce5 Linux 5.11-rc1)
$ git merge ntb/ntb-next
Already up to date.
Merging seccomp/for-next/seccomp (a3fc712c5b37 seccomp: Fix "cacheable" typo in comments)
$ git merge seccomp/for-next/seccomp
Already up to date.
Merging kspp/for-next/kspp (f4648c741299 Merge branch 'for-next/overflow' into for-next/kspp)
$ git merge kspp/for-next/kspp
Already up to date!
Merge made by the 'recursive' strategy.
Merging cisco/for-next (9e98c678c2d6 Linux 5.1-rc1)
$ git merge cisco/for-next
Already up to date.
Merging gnss/gnss-next (994adcbd3714 gnss: drop stray semicolons)
$ git merge gnss/gnss-next
Merge made by the 'recursive' strategy.
 drivers/gnss/mtk.c    | 2 +-
 drivers/gnss/serial.c | 2 +-
 drivers/gnss/sirf.c   | 2 +-
 drivers/gnss/ubx.c    | 2 +-
 4 files changed, 4 insertions(+), 4 deletions(-)
Merging fsi/next (4a851d714ead fsi: aspeed: Support CFAM reset GPIO)
$ git merge fsi/next
Already up to date.
Merging slimbus/for-next (0320ed0a8236 drivers: slimbus: Fix word resposible -> responsible in slimbus.h)
$ git merge slimbus/for-next
Auto-merging drivers/of/platform.c
Auto-merging drivers/nvmem/Makefile
CONFLICT (content): Merge conflict in drivers/nvmem/Makefile
Auto-merging drivers/nvmem/Kconfig
CONFLICT (content): Merge conflict in drivers/nvmem/Kconfig
Resolved 'drivers/nvmem/Kconfig' using previous resolution.
Resolved 'drivers/nvmem/Makefile' using previous resolution.
Automatic merge failed; fix conflicts and then commit the result.
$ git commit --no-edit -v -a
[master cd15c5fd6392] Merge remote-tracking branch 'slimbus/for-next'
$ git diff -M --stat --summary HEAD^..
 drivers/slimbus/slimbus.h | 2 +-
 1 file changed, 1 insertion(+), 1 deletion(-)
Merging nvmem/for-next (e8405ad55f4c nvmem: sprd: Add missing MODULE_DEVICE_TABLE)
$ git merge nvmem/for-next
Auto-merging drivers/nvmem/core.c
Merge made by the 'recursive' strategy.
 drivers/nvmem/sprd-efuse.c | 1 +
 1 file changed, 1 insertion(+)
Merging xarray/main (2c7e57a02708 idr test suite: Improve reporting from idr_find_test_1)
$ git merge xarray/main
Already up to date.
Merging hyperv/hyperv-next (c6483a60e873 Drivers: hv: vmbus: Copy packets sent by Hyper-V out of the ring buffer)
$ git merge hyperv/hyperv-next
Auto-merging include/linux/hyperv.h
Auto-merging drivers/scsi/storvsc_drv.c
Auto-merging drivers/net/hyperv/netvsc.c
Auto-merging drivers/net/hyperv/hyperv_net.h
Auto-merging drivers/hv/ring_buffer.c
Auto-merging drivers/hv/hv_balloon.c
Auto-merging drivers/hv/channel.c
Merge made by the 'recursive' strategy.
 drivers/hv/channel.c              |  9 +++--
 drivers/hv/hv_balloon.c           |  1 -
 drivers/hv/hv_fcopy.c             |  1 +
 drivers/hv/hv_kvp.c               |  1 +
 drivers/hv/hyperv_vmbus.h         |  2 +-
 drivers/hv/ring_buffer.c          | 82 +++++++++++++++++++++++++++++++++------
 drivers/net/hyperv/hyperv_net.h   |  7 ++++
 drivers/net/hyperv/netvsc.c       |  2 +
 drivers/net/hyperv/rndis_filter.c |  2 +
 drivers/scsi/storvsc_drv.c        | 10 +++++
 include/linux/hyperv.h            | 48 +++++++++++++++++++----
 net/vmw_vsock/hyperv_transport.c  |  4 +-
 12 files changed, 143 insertions(+), 26 deletions(-)
Merging auxdisplay/auxdisplay (701454bce906 auxdisplay: Remove in_interrupt() usage.)
$ git merge auxdisplay/auxdisplay
Already up to date.
Merging kgdb/kgdb/for-next (83fa2d13d628 kdb: Refactor env variables get/set code)
$ git merge kgdb/kgdb/for-next
Already up to date.
Merging hmm/hmm (fe07bfda2fb9 Linux 5.12-rc1)
$ git merge hmm/hmm
Already up to date.
Merging fpga/for-next (ded39fc4a5b4 docs: driver-api: fpga: avoid using UTF-8 chars)
$ git merge fpga/for-next
Merge made by the 'recursive' strategy.
 Documentation/driver-api/fpga/fpga-bridge.rst      | 10 +++++-----
 Documentation/driver-api/fpga/fpga-mgr.rst         | 12 ++++++------
 Documentation/driver-api/fpga/fpga-programming.rst |  8 ++++----
 Documentation/driver-api/fpga/fpga-region.rst      | 20 ++++++++++----------
 4 files changed, 25 insertions(+), 25 deletions(-)
Merging kunit/test (a38fd8748464 Linux 5.12-rc2)
$ git merge kunit/test
Already up to date.
Merging generic-ioremap/for-next (4bdc0d676a64 remove ioremap_nocache and devm_ioremap_nocache)
$ git merge generic-ioremap/for-next
Already up to date.
Merging cfi/cfi/next (f3907773d602 mtd: cfi_cmdset_0002: remove redundant assignment to variable timeo)
$ git merge cfi/cfi/next
Already up to date.
Merging kunit-next/kunit (de2fcb3e6201 Documentation: kunit: add tips for using current->kunit_test)
$ git merge kunit-next/kunit
Already up to date.
Merging trivial/for-next (9ff9b0d392ea Merge tag 'net-next-5.10' of git://git.kernel.org/pub/scm/linux/kernel/git/netdev/net-next)
$ git merge trivial/for-next
Already up to date.
Merging zx2c4/for-next (16fbf79b0f83 Linux 5.6-rc7)
$ git merge zx2c4/for-next
Already up to date.
Merging mhi/mhi-next (a503d1628c9c bus: mhi: fix typo in comments for struct mhi_channel_config)
$ git merge mhi/mhi-next
Already up to date.
Merging memblock/for-next (097d43d85704 mm: memblock: remove return value of memblock_free_all())
$ git merge memblock/for-next
Already up to date.
Merging init/init-user-pointers (38b082236e77 initramfs: use vfs_utimes in do_copy)
$ git merge init/init-user-pointers
Already up to date.
Merging counters/counters (e71ba9452f0b Linux 5.11-rc2)
$ git merge counters/counters
Already up to date.
Merging iomem-mmap-vs-gup/topic/iomem-mmap-vs-gup (ac8b8400620a mm: unexport follow_pfn)
$ git merge iomem-mmap-vs-gup/topic/iomem-mmap-vs-gup
Auto-merging security/Kconfig
Auto-merging mm/nommu.c
Auto-merging mm/memory.c
Auto-merging include/linux/mm.h
Auto-merging drivers/media/common/videobuf2/frame_vector.c
Merge made by the 'recursive' strategy.
 drivers/media/common/videobuf2/frame_vector.c |  2 +-
 drivers/media/v4l2-core/videobuf-dma-contig.c |  2 +-
 include/linux/mm.h                            |  4 +--
 mm/memory.c                                   | 46 +++++++++++++++++----------
 mm/nommu.c                                    | 28 ++++++++++++----
 security/Kconfig                              | 13 ++++++++
 6 files changed, 68 insertions(+), 27 deletions(-)
Merging rust/rust-next (fef0214731cc rust: allow printing in the kernel crate)
$ git merge rust/rust-next
Auto-merging tools/lib/perf/include/perf/event.h
Auto-merging scripts/kconfig/confdata.c
Auto-merging scripts/Makefile.lib
Auto-merging scripts/Makefile.build
Auto-merging samples/Makefile
Auto-merging samples/Kconfig
Auto-merging lib/Kconfig.debug
Auto-merging kernel/printk/printk.c
CONFLICT (content): Merge conflict in kernel/printk/printk.c
Auto-merging kernel/kallsyms.c
Auto-merging init/Kconfig
Auto-merging include/uapi/linux/android/binder.h
CONFLICT (content): Merge conflict in include/uapi/linux/android/binder.h
Auto-merging Makefile
CONFLICT (content): Merge conflict in Makefile
Auto-merging MAINTAINERS
Auto-merging Documentation/process/changes.rst
Auto-merging Documentation/index.rst
Auto-merging .gitignore
Resolved 'Makefile' using previous resolution.
Resolved 'include/uapi/linux/android/binder.h' using previous resolution.
Resolved 'kernel/printk/printk.c' using previous resolution.
Automatic merge failed; fix conflicts and then commit the result.
$ git commit --no-edit -v -a
[master 379193f20279] Merge remote-tracking branch 'rust/rust-next'
$ git diff -M --stat --summary HEAD^..
 .gitignore                             |   5 +
 .rustfmt.toml                          |  12 +
 Documentation/doc-guide/kernel-doc.rst |   3 +
 Documentation/index.rst                |   1 +
 Documentation/kbuild/kbuild.rst        |   4 +
 Documentation/process/changes.rst      |   9 +
 Documentation/rust/arch-support.rst    |  32 ++
 Documentation/rust/coding.rst          |  92 ++++
 Documentation/rust/docs.rst            | 109 ++++
 Documentation/rust/index.rst           |  20 +
 Documentation/rust/quick-start.rst     | 220 ++++++++
 Documentation/rust/rust-project.json   |  35 ++
 MAINTAINERS                            |  14 +
 Makefile                               | 147 ++++-
 arch/arm/rust/target.json              |  28 +
 arch/arm64/rust/target.json            |  40 ++
 arch/powerpc/rust/target.json          |  30 ++
 arch/x86/rust/target.json              |  42 ++
 drivers/android/Kconfig                |   7 +
 drivers/android/Makefile               |   2 +
 drivers/android/allocation.rs          | 252 +++++++++
 drivers/android/context.rs             |  80 +++
 drivers/android/defs.rs                |  92 ++++
 drivers/android/node.rs                | 479 +++++++++++++++++
 drivers/android/process.rs             | 950 +++++++++++++++++++++++++++++++++
 drivers/android/range_alloc.rs         | 191 +++++++
 drivers/android/rust_binder.rs         | 128 +++++
 drivers/android/thread.rs              | 821 ++++++++++++++++++++++++++++
 drivers/android/transaction.rs         | 206 +++++++
 include/linux/kallsyms.h               |   2 +-
 include/linux/spinlock.h               |  17 +-
 include/uapi/linux/android/binder.h    |  28 +-
 init/Kconfig                           |  27 +
 kernel/kallsyms.c                      |   7 +
 kernel/livepatch/core.c                |   4 +-
 kernel/printk/printk.c                 |   1 +
 lib/Kconfig.debug                      | 106 ++++
 rust/.gitignore                        |   5 +
 rust/Makefile                          | 152 ++++++
 rust/compiler_builtins.rs              | 156 ++++++
 rust/exports.c                         |  16 +
 rust/helpers.c                         |  94 ++++
 rust/kernel/allocator.rs               |  68 +++
 rust/kernel/bindings.rs                |  22 +
 rust/kernel/bindings_helper.h          |  18 +
 rust/kernel/buffer.rs                  |  39 ++
 rust/kernel/c_types.rs                 | 133 +++++
 rust/kernel/chrdev.rs                  | 162 ++++++
 rust/kernel/error.rs                   | 106 ++++
 rust/kernel/file_operations.rs         | 674 +++++++++++++++++++++++
 rust/kernel/lib.rs                     | 204 +++++++
 rust/kernel/linked_list.rs             | 245 +++++++++
 rust/kernel/miscdev.rs                 | 109 ++++
 rust/kernel/module_param.rs            | 497 +++++++++++++++++
 rust/kernel/pages.rs                   | 173 ++++++
 rust/kernel/prelude.rs                 |  22 +
 rust/kernel/print.rs                   | 463 ++++++++++++++++
 rust/kernel/random.rs                  |  50 ++
 rust/kernel/raw_list.rs                | 361 +++++++++++++
 rust/kernel/static_assert.rs           |  38 ++
 rust/kernel/sync/arc.rs                | 184 +++++++
 rust/kernel/sync/condvar.rs            | 136 +++++
 rust/kernel/sync/guard.rs              |  82 +++
 rust/kernel/sync/locked_by.rs          | 112 ++++
 rust/kernel/sync/mod.rs                |  85 +++
 rust/kernel/sync/mutex.rs              | 101 ++++
 rust/kernel/sync/spinlock.rs           | 108 ++++
 rust/kernel/sysctl.rs                  | 185 +++++++
 rust/kernel/types.rs                   |  73 +++
 rust/kernel/user_ptr.rs                | 282 ++++++++++
 rust/module.rs                         | 764 ++++++++++++++++++++++++++
 samples/Kconfig                        |   2 +
 samples/Makefile                       |   1 +
 samples/rust/Kconfig                   | 113 ++++
 samples/rust/Makefile                  |  12 +
 samples/rust/rust_chrdev.rs            |  55 ++
 samples/rust/rust_minimal.rs           |  40 ++
 samples/rust/rust_miscdev.rs           | 145 +++++
 samples/rust/rust_module_parameters.rs |  72 +++
 samples/rust/rust_print.rs             |  58 ++
 samples/rust/rust_random.rs            |  60 +++
 samples/rust/rust_semaphore.rs         | 176 ++++++
 samples/rust/rust_semaphore_c.c        | 212 ++++++++
 samples/rust/rust_stack_probing.rs     |  42 ++
 samples/rust/rust_sync.rs              |  84 +++
 scripts/Makefile.build                 |  19 +
 scripts/Makefile.lib                   |  12 +
 scripts/dummy-tools/elfedit            |   1 +
 scripts/kallsyms.c                     |  33 +-
 scripts/kconfig/confdata.c             |  67 ++-
 scripts/rust-version.sh                |  31 ++
 tools/include/linux/kallsyms.h         |   2 +-
 tools/include/linux/lockdep.h          |   2 +-
 tools/lib/perf/include/perf/event.h    |   2 +-
 tools/lib/symbol/kallsyms.h            |   2 +-
 95 files changed, 11357 insertions(+), 48 deletions(-)
 create mode 100644 .rustfmt.toml
 create mode 100644 Documentation/rust/arch-support.rst
 create mode 100644 Documentation/rust/coding.rst
 create mode 100644 Documentation/rust/docs.rst
 create mode 100644 Documentation/rust/index.rst
 create mode 100644 Documentation/rust/quick-start.rst
 create mode 100644 Documentation/rust/rust-project.json
 create mode 100644 arch/arm/rust/target.json
 create mode 100644 arch/arm64/rust/target.json
 create mode 100644 arch/powerpc/rust/target.json
 create mode 100644 arch/x86/rust/target.json
 create mode 100644 drivers/android/allocation.rs
 create mode 100644 drivers/android/context.rs
 create mode 100644 drivers/android/defs.rs
 create mode 100644 drivers/android/node.rs
 create mode 100644 drivers/android/process.rs
 create mode 100644 drivers/android/range_alloc.rs
 create mode 100644 drivers/android/rust_binder.rs
 create mode 100644 drivers/android/thread.rs
 create mode 100644 drivers/android/transaction.rs
 create mode 100644 rust/.gitignore
 create mode 100644 rust/Makefile
 create mode 100644 rust/compiler_builtins.rs
 create mode 100644 rust/exports.c
 create mode 100644 rust/helpers.c
 create mode 100644 rust/kernel/allocator.rs
 create mode 100644 rust/kernel/bindings.rs
 create mode 100644 rust/kernel/bindings_helper.h
 create mode 100644 rust/kernel/buffer.rs
 create mode 100644 rust/kernel/c_types.rs
 create mode 100644 rust/kernel/chrdev.rs
 create mode 100644 rust/kernel/error.rs
 create mode 100644 rust/kernel/file_operations.rs
 create mode 100644 rust/kernel/lib.rs
 create mode 100644 rust/kernel/linked_list.rs
 create mode 100644 rust/kernel/miscdev.rs
 create mode 100644 rust/kernel/module_param.rs
 create mode 100644 rust/kernel/pages.rs
 create mode 100644 rust/kernel/prelude.rs
 create mode 100644 rust/kernel/print.rs
 create mode 100644 rust/kernel/random.rs
 create mode 100644 rust/kernel/raw_list.rs
 create mode 100644 rust/kernel/static_assert.rs
 create mode 100644 rust/kernel/sync/arc.rs
 create mode 100644 rust/kernel/sync/condvar.rs
 create mode 100644 rust/kernel/sync/guard.rs
 create mode 100644 rust/kernel/sync/locked_by.rs
 create mode 100644 rust/kernel/sync/mod.rs
 create mode 100644 rust/kernel/sync/mutex.rs
 create mode 100644 rust/kernel/sync/spinlock.rs
 create mode 100644 rust/kernel/sysctl.rs
 create mode 100644 rust/kernel/types.rs
 create mode 100644 rust/kernel/user_ptr.rs
 create mode 100644 rust/module.rs
 create mode 100644 samples/rust/Kconfig
 create mode 100644 samples/rust/Makefile
 create mode 100644 samples/rust/rust_chrdev.rs
 create mode 100644 samples/rust/rust_minimal.rs
 create mode 100644 samples/rust/rust_miscdev.rs
 create mode 100644 samples/rust/rust_module_parameters.rs
 create mode 100644 samples/rust/rust_print.rs
 create mode 100644 samples/rust/rust_random.rs
 create mode 100644 samples/rust/rust_semaphore.rs
 create mode 100644 samples/rust/rust_semaphore_c.c
 create mode 100644 samples/rust/rust_stack_probing.rs
 create mode 100644 samples/rust/rust_sync.rs
 create mode 120000 scripts/dummy-tools/elfedit
 create mode 100755 scripts/rust-version.sh
Merging cxl/next (e49d033bddf5 Linux 5.12-rc6)
$ git merge cxl/next
Already up to date.
Merging tpmdd-jejb/tpmdd-for-next (69977d1aeeca Merge branch 'tpmdd-fixes' into tpmdd-for-next)
$ git merge tpmdd-jejb/tpmdd-for-next
Merge made by the 'recursive' strategy.
Merging akpm-current/current (588a8e4a3500 aio: simplify read_events())
$ git merge --no-ff akpm-current/current
Auto-merging mm/slub.c
Auto-merging mm/slab_common.c
Auto-merging mm/slab.h
Auto-merging lib/Kconfig.debug
Auto-merging kernel/sysctl.c
Auto-merging fs/buffer.c
Auto-merging arch/Kconfig
Auto-merging Documentation/admin-guide/kernel-parameters.txt
Merge made by the 'recursive' strategy.
 Documentation/admin-guide/kdump/kdump.rst       |   3 +-
 Documentation/admin-guide/kernel-parameters.txt |   6 ++
 Documentation/filesystems/proc.rst              |  37 +++++--
 arch/Kconfig                                    |  20 ++++
 fs/aio.c                                        |   9 +-
 fs/buffer.c                                     |  56 ++++++++++-
 fs/hfsplus/catalog.c                            |  16 +--
 fs/hfsplus/dir.c                                |   4 +-
 fs/hfsplus/hfsplus_raw.h                        |  12 ++-
 fs/hfsplus/xattr.c                              |  18 ++--
 fs/ocfs2/namei.c                                |  17 +++-
 fs/proc/base.c                                  |   4 +-
 fs/proc/fd.c                                    |  20 +++-
 fs/proc/page.c                                  |  40 ++++----
 include/linux/highmem.h                         |  28 +++---
 include/linux/memremap.h                        |   6 ++
 include/linux/sched.h                           |   8 ++
 include/linux/slab.h                            |   2 +
 include/linux/slub_def.h                        |   2 +
 include/linux/wait.h                            |   4 +-
 kernel/crash_core.c                             |   7 ++
 kernel/hung_task.c                              |  44 +++++++++
 kernel/sysctl.c                                 |   8 +-
 lib/Kconfig.debug                               |  11 +++
 lib/Makefile                                    |   1 +
 lib/test_slub.c                                 | 124 +++++++++++++++++++++++
 mm/memremap.c                                   |  20 ++++
 mm/page_alloc.c                                 |   2 +-
 mm/slab.h                                       |   7 +-
 mm/slab_common.c                                |   2 +-
 mm/slub.c                                       | 126 ++++++++----------------
 31 files changed, 491 insertions(+), 173 deletions(-)
 create mode 100644 lib/test_slub.c
$ git clone -s -l -n -q . ../rebase-tmp
$ cd ../rebase-tmp
$ git checkout -b akpm remotes/origin/akpm/master
Switched to a new branch 'akpm'
$ git rebase --onto master remotes/origin/akpm/master-base
Rebasing (1/13)Rebasing (2/13)Rebasing (3/13)Rebasing (4/13)Rebasing (5/13)Rebasing (6/13)Rebasing (7/13)Rebasing (8/13)Rebasing (9/13)Rebasing (10/13)Rebasing (11/13)Rebasing (12/13)Rebasing (13/13)[KSuccessfully rebased and updated refs/heads/akpm.
$ cd ../next
$ git fetch -f ../rebase-tmp akpm:akpm/master
From ../rebase-tmp
 + 076f4112bf61...694ae0470edd akpm       -> akpm/master  (forced update)
$ rm -rf ../rebase-tmp
Merging akpm/master (694ae0470edd memfd_secret: use unsigned int rather than long as syscall flags type)
$ git merge --no-ff akpm/master
Merge made by the 'recursive' strategy.
 arch/arm64/include/asm/Kbuild             |   1 -
 arch/arm64/include/asm/cacheflush.h       |   6 -
 arch/arm64/include/asm/kfence.h           |   2 +-
 arch/arm64/include/asm/set_memory.h       |  17 ++
 arch/arm64/include/uapi/asm/unistd.h      |   1 +
 arch/arm64/kernel/machine_kexec.c         |   1 +
 arch/arm64/mm/mmu.c                       |   6 +-
 arch/arm64/mm/pageattr.c                  |  23 ++-
 arch/riscv/Kconfig                        |   4 +-
 arch/riscv/include/asm/set_memory.h       |   4 +-
 arch/riscv/include/asm/unistd.h           |   1 +
 arch/riscv/mm/pageattr.c                  |   8 +-
 arch/x86/entry/syscalls/syscall_32.tbl    |   1 +
 arch/x86/entry/syscalls/syscall_64.tbl    |   1 +
 arch/x86/include/asm/set_memory.h         |   4 +-
 arch/x86/mm/pat/set_memory.c              |   8 +-
 include/linux/secretmem.h                 |  54 ++++++
 include/linux/set_memory.h                |  16 +-
 include/linux/syscalls.h                  |   1 +
 include/uapi/asm-generic/unistd.h         |   6 +-
 include/uapi/linux/magic.h                |   1 +
 kernel/power/hibernate.c                  |   5 +-
 kernel/power/snapshot.c                   |   4 +-
 kernel/sys_ni.c                           |   2 +
 mm/Kconfig                                |   3 +
 mm/Makefile                               |   1 +
 mm/gup.c                                  |  12 ++
 mm/internal.h                             |   3 +
 mm/mlock.c                                |   3 +-
 mm/mmap.c                                 |   5 +-
 mm/secretmem.c                            | 251 +++++++++++++++++++++++++
 mm/vmalloc.c                              |   5 +-
 scripts/checksyscalls.sh                  |   4 +
 tools/testing/selftests/vm/.gitignore     |   1 +
 tools/testing/selftests/vm/Makefile       |   3 +-
 tools/testing/selftests/vm/memfd_secret.c | 296 ++++++++++++++++++++++++++++++
 tools/testing/selftests/vm/run_vmtests.sh |  17 ++
 37 files changed, 735 insertions(+), 46 deletions(-)
 create mode 100644 arch/arm64/include/asm/set_memory.h
 create mode 100644 include/linux/secretmem.h
 create mode 100644 mm/secretmem.c
 create mode 100644 tools/testing/selftests/vm/memfd_secret.c
